 win32_handmade

 Timestamp is 62bcbb9b (Thu Jun 30 02:37:43 2022)

 Preferred load address is 0000000140000000

 Start         Length     Name                   Class
 0001:00000000 0000b700H .text$mn                CODE
 0001:0000b700 00000040H .text$mn$00             CODE
 0001:0000b740 00000290H .text$x                 CODE
 0002:00000000 00000290H .idata$5                DATA
 0002:00000290 00000038H .00cfg                  DATA
 0002:000002c8 00000008H .CRT$XCA                DATA
 0002:000002d0 00000008H .CRT$XCAA               DATA
 0002:000002d8 00000008H .CRT$XCZ                DATA
 0002:000002e0 00000008H .CRT$XIA                DATA
 0002:000002e8 00000008H .CRT$XIAA               DATA
 0002:000002f0 00000008H .CRT$XIAC               DATA
 0002:000002f8 00000020H .CRT$XIC                DATA
 0002:00000318 00000008H .CRT$XIZ                DATA
 0002:00000320 00000008H .CRT$XPA                DATA
 0002:00000328 00000010H .CRT$XPX                DATA
 0002:00000338 00000008H .CRT$XPXA               DATA
 0002:00000340 00000008H .CRT$XPZ                DATA
 0002:00000348 00000008H .CRT$XTA                DATA
 0002:00000350 00000010H .CRT$XTZ                DATA
 0002:00000358 00000000H .gehcont$y              DATA
 0002:00000358 00000000H .gfids$y                DATA
 0002:00000360 00007520H .rdata                  DATA
 0002:00007880 00000000H .rdata$CastGuardVftablesA DATA
 0002:00007880 00000000H .rdata$CastGuardVftablesC DATA
 0002:00007880 00000000H .rdata$r                DATA
 0002:00007880 000000d8H .rdata$voltmd           DATA
 0002:00007958 00000300H .rdata$zzzdbg           DATA
 0002:00007c58 00000008H .rtc$IAA                DATA
 0002:00007c60 00000008H .rtc$IZZ                DATA
 0002:00007c68 00000008H .rtc$TAA                DATA
 0002:00007c70 00000008H .rtc$TZZ                DATA
 0002:00007c78 00000ae8H .xdata                  DATA
 0002:00008760 00000000H .xdata$x                DATA
 0002:00008760 00000000H .edata                  DATA
 0002:00008760 0000003cH .idata$2                DATA
 0002:0000879c 00000014H .idata$3                DATA
 0002:000087b0 00000290H .idata$4                DATA
 0002:00008a40 000005caH .idata$6                DATA
 0003:00000000 000009f0H .data                   DATA
 0003:000009f0 00000000H .data$r                 DATA
 0003:000009f0 00000000H .data$rs                DATA
 0003:000009f0 00001208H .bss                    DATA
 0004:00000000 00000d38H .pdata                  DATA
 0005:00000000 0000015cH _RDATA                  DATA

  Address         Publics by Value              Rva+Base               Lib:Object

 0000:00000000       __AbsoluteZero             0000000000000000     <absolute>
 0000:00000000       ___safe_se_handler_count   0000000000000000     <absolute>
 0000:00000000       ___safe_se_handler_table   0000000000000000     <absolute>
 0000:00000000       __arm64x_extra_rfe_table   0000000000000000     <absolute>
 0000:00000000       __arm64x_extra_rfe_table_size 0000000000000000     <absolute>
 0000:00000000       __arm64x_native_entrypoint 0000000000000000     <absolute>
 0000:00000000       __arm64x_redirection_metadata 0000000000000000     <absolute>
 0000:00000000       __arm64x_redirection_metadata_count 0000000000000000     <absolute>
 0000:00000000       __dynamic_value_reloc_table 0000000000000000     <absolute>
 0000:00000000       __enclave_config           0000000000000000     <absolute>
 0000:00000000       __guard_check_icall_a64n_fptr 0000000000000000     <absolute>
 0000:00000000       __guard_eh_cont_count      0000000000000000     <absolute>
 0000:00000000       __guard_eh_cont_table      0000000000000000     <absolute>
 0000:00000000       __guard_fids_count         0000000000000000     <absolute>
 0000:00000000       __guard_fids_table         0000000000000000     <absolute>
 0000:00000000       __guard_iat_count          0000000000000000     <absolute>
 0000:00000000       __guard_iat_table          0000000000000000     <absolute>
 0000:00000000       __guard_longjmp_count      0000000000000000     <absolute>
 0000:00000000       __guard_longjmp_table      0000000000000000     <absolute>
 0000:00000000       __hybrid_auxiliary_iat     0000000000000000     <absolute>
 0000:00000000       __hybrid_auxiliary_iat_copy 0000000000000000     <absolute>
 0000:00000000       __hybrid_code_map          0000000000000000     <absolute>
 0000:00000000       __hybrid_code_map_count    0000000000000000     <absolute>
 0000:00000000       __x64_code_ranges_to_entry_points 0000000000000000     <absolute>
 0000:00000000       __x64_code_ranges_to_entry_points_count 0000000000000000     <absolute>
 0000:00000100       __guard_flags              0000000000000100     <absolute>
 0000:00000000       __ImageBase                0000000140000000     <linker-defined>
 0001:00000000       WinMain                    0000000140001000 f   win32_handmade.obj
 0001:000004a0       ?Win32MainWindowCallback@@YA_JPEAUHWND__@@I_K_J@Z 00000001400014a0 f   win32_handmade.obj
 0001:00000610       __GSHandlerCheck           0000000140001610 f   LIBCMT:gshandler.obj
 0001:00000630       __GSHandlerCheckCommon     0000000140001630 f   LIBCMT:gshandler.obj
 0001:000006a0       __security_check_cookie    00000001400016a0 f   LIBCMT:amdsecgs.obj
 0001:00000918       WinMainCRTStartup          0000000140001918 f   LIBCMT:exe_winmain.obj
 0001:0000092c       __raise_securityfailure    000000014000192c f   LIBCMT:gs_report.obj
 0001:00000960       __report_gsfailure         0000000140001960 f   LIBCMT:gs_report.obj
 0001:00000a34       __report_rangecheckfailure 0000000140001a34 f   LIBCMT:gs_report.obj
 0001:00000a48       __report_securityfailure   0000000140001a48 f   LIBCMT:gs_report.obj
 0001:00000bc8       __scrt_acquire_startup_lock 0000000140001bc8 f   LIBCMT:utility.obj
 0001:00000c04       __scrt_initialize_crt      0000000140001c04 f   LIBCMT:utility.obj
 0001:00000c50       __scrt_initialize_onexit_tables 0000000140001c50 f   LIBCMT:utility.obj
 0001:00000cdc       __scrt_is_nonwritable_in_current_image 0000000140001cdc f   LIBCMT:utility.obj
 0001:00000d74       __scrt_release_startup_lock 0000000140001d74 f   LIBCMT:utility.obj
 0001:00000d98       __scrt_uninitialize_crt    0000000140001d98 f   LIBCMT:utility.obj
 0001:00000dc4       _onexit                    0000000140001dc4 f   LIBCMT:utility.obj
 0001:00000e00       atexit                     0000000140001e00 f   LIBCMT:utility.obj
 0001:00000e18       __security_init_cookie     0000000140001e18 f   LIBCMT:gs_support.obj
 0001:00000ec4       __scrt_exe_initialize_mta  0000000140001ec4 f   LIBCMT:utility_desktop.obj
 0001:00000ec4       __scrt_initialize_winrt    0000000140001ec4 f   LIBCMT:utility_desktop.obj
 0001:00000ec4       __scrt_stub_for_initialize_mta 0000000140001ec4 f   LIBCMT:utility_desktop.obj
 0001:00000ec4       _get_startup_commit_mode   0000000140001ec4 f   LIBCMT:commit_mode.obj
 0001:00000ec4       _get_startup_new_mode      0000000140001ec4 f   LIBCMT:new_mode.obj
 0001:00000ec4       _get_startup_thread_locale_mode 0000000140001ec4 f   LIBCMT:thread_locale.obj
 0001:00000ec4       _matherr                   0000000140001ec4 f   LIBCMT:matherr.obj
 0001:00000ec8       _get_startup_argv_mode     0000000140001ec8 f   LIBCMT:argv_mode.obj
 0001:00000ed0       _get_startup_file_mode     0000000140001ed0 f   LIBCMT:file_mode.obj
 0001:00000ed8       ?__scrt_initialize_type_info@@YAXXZ 0000000140001ed8 f   LIBCMT:tncleanup.obj
 0001:00000ee8       __acrt_uninitialize_command_line 0000000140001ee8 f   libucrt:argv_data.obj
 0001:00000ee8       _should_initialize_environment 0000000140001ee8 f   LIBCMT:env_mode.obj
 0001:00000eec       _guard_check_icall_nop     0000000140001eec f   LIBCMT:guard_support.obj
 0001:00000eec       _initialize_denormal_control 0000000140001eec f   LIBCMT:denormal_control.obj
 0001:00000eec       _initialize_invalid_parameter_handler 0000000140001eec f   LIBCMT:invalid_parameter_handler.obj
 0001:00000ef0       __local_stdio_printf_options 0000000140001ef0 f i LIBCMT:default_local_stdio_options.obj
 0001:00000ef8       __local_stdio_scanf_options 0000000140001ef8 f i LIBCMT:default_local_stdio_options.obj
 0001:00000f00       __scrt_initialize_default_local_stdio_options 0000000140001f00 f   LIBCMT:default_local_stdio_options.obj
 0001:00000f1c       __scrt_is_user_matherr_present 0000000140001f1c f   LIBCMT:matherr_detection.obj
 0001:00000f28       __scrt_get_dyn_tls_init_callback 0000000140001f28 f   LIBCMT:dyn_tls_init.obj
 0001:00000f30       __scrt_get_dyn_tls_dtor_callback 0000000140001f30 f   LIBCMT:dyn_tls_dtor.obj
 0001:00000f38       __crt_debugger_hook        0000000140001f38 f   LIBCMT:utility_desktop.obj
 0001:00000f40       __scrt_fastfail            0000000140001f40 f   LIBCMT:utility_desktop.obj
 0001:0000108c       __scrt_get_show_window_mode 000000014000208c f   LIBCMT:utility_desktop.obj
 0001:000010c8       __scrt_initialize_mta      00000001400020c8 f   LIBCMT:utility_desktop.obj
 0001:000010d0       __scrt_is_managed_app      00000001400020d0 f   LIBCMT:utility_desktop.obj
 0001:00001124       __scrt_set_unhandled_exception_filter 0000000140002124 f   LIBCMT:utility_desktop.obj
 0001:00001134       __scrt_unhandled_exception_filter 0000000140002134 f   LIBCMT:utility_desktop.obj
 0001:00001190       _RTC_Initialize            0000000140002190 f   LIBCMT:initsect.obj
 0001:000011cc       _RTC_Terminate             00000001400021cc f   LIBCMT:initsect.obj
 0001:00001208       __isa_available_init       0000000140002208 f   LIBCMT:cpu_disp.obj
 0001:000013b4       __scrt_is_ucrt_dll_in_use  00000001400023b4 f   LIBCMT:ucrt_detection.obj
 0001:000013c0       __C_specific_handler       00000001400023c0 f   libvcruntime:riscchandler.obj
 0001:000015b8       __vcrt_initialize          00000001400025b8 f   libvcruntime:initialization.obj
 0001:000015e0       __vcrt_uninitialize        00000001400025e0 f   libvcruntime:initialization.obj
 0001:000015fc       __DestructExceptionObject  00000001400025fc f   libvcruntime:ehhelpers.obj
 0001:0000166c       ?_CallMemberFunction0@@YAXQEAX0@Z 000000014000266c f i libvcruntime:ehhelpers.obj
 0001:00001670       __current_exception        0000000140002670 f   libvcruntime:ehhelpers.obj
 0001:00001684       __current_exception_context 0000000140002684 f   libvcruntime:ehhelpers.obj
 0001:000016b0       memset_repstos             00000001400026b0 f   libvcruntime:memset.obj
 0001:000016d0       memset                     00000001400026d0 f   libvcruntime:memset.obj
 0001:00001a70       _NLG_Notify                0000000140002a70 f   libvcruntime:notify.obj
 0001:00001a90       __NLG_Dispatch2            0000000140002a90 f   libvcruntime:notify.obj
 0001:00001aa0       __NLG_Return2              0000000140002aa0 f   libvcruntime:notify.obj
 0001:00001aa4       __except_validate_context_record 0000000140002aa4 f   libvcruntime:jbcxrval.obj
 0001:00001adc       __vcrt_freefls             0000000140002adc f   libvcruntime:per_thread_data.obj
 0001:00001afc       __vcrt_getptd              0000000140002afc f   libvcruntime:per_thread_data.obj
 0001:00001b18       __vcrt_getptd_noexit       0000000140002b18 f   libvcruntime:per_thread_data.obj
 0001:00001bd8       __vcrt_initialize_ptd      0000000140002bd8 f   libvcruntime:per_thread_data.obj
 0001:00001c20       __vcrt_uninitialize_ptd    0000000140002c20 f   libvcruntime:per_thread_data.obj
 0001:00001c44       __vcrt_initialize_locks    0000000140002c44 f   libvcruntime:locks.obj
 0001:00001c8c       __vcrt_uninitialize_locks  0000000140002c8c f   libvcruntime:locks.obj
 0001:00001e14       __vcrt_FlsAlloc            0000000140002e14 f   libvcruntime:winapi_downlevel.obj
 0001:00001e5c       __vcrt_FlsFree             0000000140002e5c f   libvcruntime:winapi_downlevel.obj
 0001:00001ea4       __vcrt_FlsGetValue         0000000140002ea4 f   libvcruntime:winapi_downlevel.obj
 0001:00001eec       __vcrt_FlsSetValue         0000000140002eec f   libvcruntime:winapi_downlevel.obj
 0001:00001f40       __vcrt_InitializeCriticalSectionEx 0000000140002f40 f   libvcruntime:winapi_downlevel.obj
 0001:00001fc0       memcpy_repmovs             0000000140002fc0 f   libvcruntime:memcpy.obj
 0001:00001fe0       memcpy                     0000000140002fe0 f   libvcruntime:memcpy.obj
 0001:00001fe0       memmove                    0000000140002fe0 f   libvcruntime:memcpy.obj
 0001:00002670       _CallSettingFrame          0000000140003670 f   libvcruntime:handlers.obj
 0001:000026c0       _CallSettingFrame_LookupContinuationIndex 00000001400036c0 f   libvcruntime:handlers.obj
 0001:000026f0       _CallSettingFrame_NotifyContinuationAddr 00000001400036f0 f   libvcruntime:handlers.obj
 0001:00002720       _CallSettingFrameEncoded   0000000140003720 f   libvcruntime:handlers.obj
 0001:00002768       _seh_filter_exe            0000000140003768 f   libucrt:exception_filter.obj
 0001:000028ec       _query_app_type            00000001400038ec f   libucrt:report_runtime_error.obj
 0001:000028f4       _set_app_type              00000001400038f4 f   libucrt:report_runtime_error.obj
 0001:000028fc       __acrt_has_user_matherr    00000001400038fc f   libucrt:matherr.obj
 0001:0000291c       __acrt_initialize_user_matherr 000000014000391c f   libucrt:matherr.obj
 0001:00002924       __acrt_invoke_user_matherr 0000000140003924 f   libucrt:matherr.obj
 0001:00002954       __setusermatherr           0000000140003954 f   libucrt:matherr.obj
 0001:00002b3c       __acrt_allocate_buffer_for_argv 0000000140003b3c f   libucrt:argv_parsing.obj
 0001:00002b9c       _configure_narrow_argv     0000000140003b9c f   libucrt:argv_parsing.obj
 0001:00002f14       __dcrt_uninitialize_environments_nolock 0000000140003f14 f   libucrt:environment_initialization.obj
 0001:00002f4c       _initialize_narrow_environment 0000000140003f4c f   libucrt:environment_initialization.obj
 0001:00002f54       _get_narrow_winmain_command_line 0000000140003f54 f   libucrt:argv_winmain.obj
 0001:00002fc4       _initterm                  0000000140003fc4 f   libucrt:initterm.obj
 0001:00003028       _initterm_e                0000000140004028 f   libucrt:initterm.obj
 0001:000032d4       __acrt_initialize_thread_local_exit_callback 00000001400042d4 f   libucrt:exit.obj
 0001:000032dc       _c_exit                    00000001400042dc f   libucrt:exit.obj
 0001:000032ec       _cexit                     00000001400042ec f   libucrt:exit.obj
 0001:000032fc       _exit                      00000001400042fc f   libucrt:exit.obj
 0001:00003308       _register_thread_local_exe_atexit_callback 0000000140004308 f   libucrt:exit.obj
 0001:00003344       exit                       0000000140004344 f   libucrt:exit.obj
 0001:00003350       _set_fmode                 0000000140004350 f   libucrt:setmode.obj
 0001:00003400       __acrt_set_locale_changed  0000000140004400 f   libucrt:wsetlocale.obj
 0001:0000340c       __acrt_uninitialize_locale 000000014000440c f   libucrt:wsetlocale.obj
 0001:0000343c       _configthreadlocale        000000014000443c f   libucrt:wsetlocale.obj
 0001:000034a8       _query_new_mode            00000001400044a8 f   libucrt:new_mode.obj
 0001:000034b0       _set_new_mode              00000001400044b0 f   libucrt:new_mode.obj
 0001:000034dc       __p__commode               00000001400044dc f   libucrt:ncommode.obj
 0001:00003824       _crt_atexit                0000000140004824 f   libucrt:onexit.obj
 0001:00003834       _execute_onexit_table      0000000140004834 f   libucrt:onexit.obj
 0001:00003870       _initialize_onexit_table   0000000140004870 f   libucrt:onexit.obj
 0001:00003898       _register_onexit_function  0000000140004898 f   libucrt:onexit.obj
 0001:00003a0c       __acrt_initialize          0000000140004a0c f   libucrt:initialization.obj
 0001:00003a20       __acrt_uninitialize        0000000140004a20 f   libucrt:initialization.obj
 0001:00003a58       terminate                  0000000140004a58 f   libucrt:terminate.obj
 0001:00003a78       free                       0000000140004a78 f   libucrt:free.obj
 0001:00003a8c       strcpy_s                   0000000140004a8c f   libucrt:strcpy_s.obj
 0001:00003aec       abort                      0000000140004aec f   libucrt:abort.obj
 0001:00003b44       calloc                     0000000140004b44 f   libucrt:calloc.obj
 0001:00003b4c       ??0_LocaleUpdate@@QEAA@QEAU__crt_locale_pointers@@@Z 0000000140004b4c f i libucrt:output.obj
 0001:00003c00       strncmp                    0000000140004c00 f   libucrt:strncmp.obj
 0001:00003c80       wcsncmp                    0000000140004c80 f   libucrt:wcsncmp.obj
 0001:00004024       __acrt_getptd              0000000140005024 f   libucrt:per_thread_data.obj
 0001:000040f8       __acrt_getptd_head         00000001400050f8 f   libucrt:per_thread_data.obj
 0001:000041a0       __acrt_getptd_noexit       00000001400051a0 f   libucrt:per_thread_data.obj
 0001:0000426c       __acrt_initialize_ptd      000000014000526c f   libucrt:per_thread_data.obj
 0001:000042a8       __acrt_uninitialize_ptd    00000001400052a8 f   libucrt:per_thread_data.obj
 0001:000042cc       __acrt_call_reportfault    00000001400052cc f   libucrt:invalid_parameter.obj
 0001:00004428       __acrt_initialize_invalid_parameter_handler 0000000140005428 f   libucrt:invalid_parameter.obj
 0001:00004430       _invalid_parameter         0000000140005430 f   libucrt:invalid_parameter.obj
 0001:000044e0       _invalid_parameter_noinfo  00000001400054e0 f   libucrt:invalid_parameter.obj
 0001:00004500       _invoke_watson             0000000140005500 f   libucrt:invalid_parameter.obj
 0001:00004548       __acrt_errno_from_os_error 0000000140005548 f   libucrt:errno.obj
 0001:00004590       __acrt_errno_map_os_error  0000000140005590 f   libucrt:errno.obj
 0001:000045e0       __doserrno                 00000001400055e0 f   libucrt:errno.obj
 0001:00004600       _errno                     0000000140005600 f   libucrt:errno.obj
 0001:00004620       _calloc_base               0000000140005620 f   libucrt:calloc_base.obj
 0001:00004698       _free_base                 0000000140005698 f   libucrt:free_base.obj
 0001:000046ec       ??$__acrt_mbs_to_wcs_cp@U__crt_win32_buffer_internal_dynamic_resizing@@@@YAHQEBDAEAV?$__crt_win32_buffer@_WU__crt_win32_buffer_internal_dynamic_resizing@@@@I@Z 00000001400056ec f i libucrt:argv_wildcards.obj
 0001:00004864       ??$__acrt_wcs_to_mbs_cp@U__crt_win32_buffer_internal_dynamic_resizing@@@@YAHQEB_WAEAV?$__crt_win32_buffer@DU__crt_win32_buffer_internal_dynamic_resizing@@@@I@Z 0000000140005864 f i libucrt:argv_wildcards.obj
 0001:00005094       __acrt_expand_narrow_argv_wildcards 0000000140006094 f   libucrt:argv_wildcards.obj
 0001:0000509c       ??$__acrt_wcs_to_mbs_cp@U__crt_win32_buffer_no_resizing@@@@YAHQEB_WAEAV?$__crt_win32_buffer@DU__crt_win32_buffer_no_resizing@@@@I@Z 000000014000609c f i libucrt:getmodulefilenamea.obj
 0001:000051b0       __acrt_GetModuleFileNameA  00000001400061b0 f   libucrt:getmodulefilenamea.obj
 0001:000059f8       __acrt_initialize_multibyte 00000001400069f8 f   libucrt:mbctype.obj
 0001:00005a58       __acrt_update_thread_multibyte_data 0000000140006a58 f   libucrt:mbctype.obj
 0001:00005a74       _setmbcp_nolock            0000000140006a74 f   libucrt:mbctype.obj
 0001:00005da8       _ismbblead                 0000000140006da8 f   libucrt:ismbbyte.obj
 0001:00005dbc       __acrt_initialize_command_line 0000000140006dbc f   libucrt:argv_data.obj
 0001:00005de4       __acrt_MultiByteToWideChar 0000000140006de4 f   libucrt:multibytetowidechar.obj
 0001:00005e40       __acrt_WideCharToMultiByte 0000000140006e40 f   libucrt:widechartomultibyte.obj
 0001:00005ef0       __dcrt_get_narrow_environment_from_os 0000000140006ef0 f   libucrt:get_environment_from_os.obj
 0001:00005ff4       __acrt_initialize_locks    0000000140006ff4 f   libucrt:locks.obj
 0001:0000603c       __acrt_lock                000000014000703c f   libucrt:locks.obj
 0001:00006058       __acrt_uninitialize_locks  0000000140007058 f   libucrt:locks.obj
 0001:00006090       __acrt_unlock              0000000140007090 f   libucrt:locks.obj
 0001:000060ac       __acrt_get_process_end_policy 00000001400070ac f   libucrt:win_policies.obj
 0001:000060e8       __acrt_lowio_create_handle_array 00000001400070e8 f   libucrt:osfinfo.obj
 0001:00006190       __acrt_lowio_destroy_handle_array 0000000140007190 f   libucrt:osfinfo.obj
 0001:000061e0       __acrt_lowio_ensure_fh_exists 00000001400071e0 f   libucrt:osfinfo.obj
 0001:00006288       __acrt_lowio_lock_fh       0000000140007288 f   libucrt:osfinfo.obj
 0001:000062b0       __acrt_lowio_unlock_fh     00000001400072b0 f   libucrt:osfinfo.obj
 0001:000062d8       _free_osfhnd               00000001400072d8 f   libucrt:osfinfo.obj
 0001:00006394       _get_osfhandle             0000000140007394 f   libucrt:osfinfo.obj
 0001:0000640c       __acrt_initialize_fmode    000000014000740c f   libucrt:txtmode.obj
 0001:00006624       __acrt_initialize_lowio    0000000140007624 f   libucrt:ioinit.obj
 0001:00006660       __acrt_uninitialize_lowio  0000000140007660 f   libucrt:ioinit.obj
 0001:000066a0       __acrt_locale_free_monetary 00000001400076a0 f   libucrt:initmon.obj
 0001:000067ac       __acrt_locale_free_numeric 00000001400077ac f   libucrt:initnum.obj
 0001:00006870       __acrt_locale_free_time    0000000140007870 f   libucrt:inittime.obj
 0001:00006978       __pctype_func              0000000140007978 f   libucrt:ctype.obj
 0001:000069a8       _malloc_base               00000001400079a8 f   libucrt:malloc_base.obj
 0001:00006a08       __acrt_GetStringTypeA      0000000140007a08 f   libucrt:getstringtypea.obj
 0001:00006b98       __acrt_add_locale_ref      0000000140007b98 f   libucrt:locale_refcounting.obj
 0001:00006c24       __acrt_free_locale         0000000140007c24 f   libucrt:locale_refcounting.obj
 0001:00006d9c       __acrt_locale_add_lc_time_reference 0000000140007d9c f   libucrt:locale_refcounting.obj
 0001:00006dc4       __acrt_locale_free_lc_time_if_unreferenced 0000000140007dc4 f   libucrt:locale_refcounting.obj
 0001:00006dfc       __acrt_locale_release_lc_time_reference 0000000140007dfc f   libucrt:locale_refcounting.obj
 0001:00006e24       __acrt_release_locale_ref  0000000140007e24 f   libucrt:locale_refcounting.obj
 0001:00006ecc       __acrt_update_thread_locale_data 0000000140007ecc f   libucrt:locale_refcounting.obj
 0001:00006f3c       _updatetlocinfoEx_nolock   0000000140007f3c f   libucrt:locale_refcounting.obj
 0001:0000717c       __acrt_AppPolicyGetProcessTerminationMethodInternal 000000014000817c f   libucrt:winapi_thunks.obj
 0001:000071cc       __acrt_AreFileApisANSI     00000001400081cc f   libucrt:winapi_thunks.obj
 0001:00007208       __acrt_FlsAlloc            0000000140008208 f   libucrt:winapi_thunks.obj
 0001:00007250       __acrt_FlsFree             0000000140008250 f   libucrt:winapi_thunks.obj
 0001:00007298       __acrt_FlsGetValue         0000000140008298 f   libucrt:winapi_thunks.obj
 0001:000072e0       __acrt_FlsSetValue         00000001400082e0 f   libucrt:winapi_thunks.obj
 0001:00007334       __acrt_InitializeCriticalSectionEx 0000000140008334 f   libucrt:winapi_thunks.obj
 0001:00007398       __acrt_LCMapStringEx       0000000140008398 f   libucrt:winapi_thunks.obj
 0001:00007474       __acrt_LocaleNameToLCID    0000000140008474 f   libucrt:winapi_thunks.obj
 0001:000074c4       __acrt_initialize_winapi_thunks 00000001400084c4 f   libucrt:winapi_thunks.obj
 0001:000074f8       __acrt_uninitialize_winapi_thunks 00000001400084f8 f   libucrt:winapi_thunks.obj
 0001:0000753c       _recalloc_base             000000014000853c f   libucrt:recalloc.obj
 0001:000075d4       __acrt_initialize_heap     00000001400085d4 f   libucrt:heap_handle.obj
 0001:000075f0       __acrt_uninitialize_heap   00000001400085f0 f   libucrt:heap_handle.obj
 0001:000075fc       __acrt_execute_initializers 00000001400085fc f   libucrt:shared_initialization.obj
 0001:0000767c       __acrt_execute_uninitializers 000000014000867c f   libucrt:shared_initialization.obj
 0001:000076b8       __acrt_initialize_new_handler 00000001400086b8 f   libucrt:new_handler.obj
 0001:000076c0       _callnewh                  00000001400086c0 f   libucrt:new_handler.obj
 0001:000076f0       _query_new_handler         00000001400086f0 f   libucrt:new_handler.obj
 0001:0000776c       __acrt_get_sigabrt_handler 000000014000876c f   libucrt:signal.obj
 0001:0000779c       __acrt_initialize_signal_handlers 000000014000879c f   libucrt:signal.obj
 0001:000077bc       raise                      00000001400087bc f   libucrt:signal.obj
 0001:00007c04       __acrt_stdio_flush_nolock  0000000140008c04 f   libucrt:fflush.obj
 0001:00007c80       _fflush_nolock             0000000140008c80 f   libucrt:fflush.obj
 0001:00007ccc       _flushall                  0000000140008ccc f   libucrt:fflush.obj
 0001:00007cd4       __acrt_initialize_stdio    0000000140008cd4 f   libucrt:_file.obj
 0001:00007df4       __acrt_uninitialize_stdio  0000000140008df4 f   libucrt:_file.obj
 0001:00007e50       _lock_file                 0000000140008e50 f   libucrt:_file.obj
 0001:00007e5c       _unlock_file               0000000140008e5c f   libucrt:_file.obj
 0001:00007e68       _mbtowc_l                  0000000140008e68 f   libucrt:mbtowc.obj
 0001:00007fe8       mbtowc                     0000000140008fe8 f   libucrt:mbtowc.obj
 0001:00007ff0       __acrt_update_locale_info  0000000140008ff0 f   libucrt:locale_update.obj
 0001:00008024       __acrt_update_multibyte_info 0000000140009024 f   libucrt:locale_update.obj
 0001:00008058       _fileno                    0000000140009058 f   libucrt:fileno.obj
 0001:00008080       qsort                      0000000140009080 f   libucrt:qsort.obj
 0001:00008420       strncpy_s                  0000000140009420 f   libucrt:strncpy_s.obj
 0001:000085a0       strpbrk                    00000001400095a0 f   libucrt:strpbrk.obj
 0001:00008968       _mbsdec                    0000000140009968 f   libucrt:mbsdec.obj
 0001:00008970       _mbsdec_l                  0000000140009970 f   libucrt:mbsdec.obj
 0001:00008d1c       __acrt_LCMapStringA        0000000140009d1c f   libucrt:lcmapstringa.obj
 0001:00008dcc       __ascii_wcsnicmp           0000000140009dcc f   libucrt:wcsnicmp.obj
 0001:00008e18       __acrt_DownlevelLocaleNameToLCID 0000000140009e18 f   libucrt:lcidtoname_downlevel.obj
 0001:00008ec8       _msize_base                0000000140009ec8 f   libucrt:msize.obj
 0001:00008f04       _realloc_base              0000000140009f04 f   libucrt:realloc_base.obj
 0001:0000900c       _commit                    000000014000a00c f   libucrt:commit.obj
 0001:0000991c       _write                     000000014000a91c f   libucrt:write.obj
 0001:00009a08       _write_nolock              000000014000aa08 f   libucrt:write.obj
 0001:00009cec       _fcloseall                 000000014000acec f   libucrt:closeall.obj
 0001:00009da0       __acrt_stdio_free_buffer_nolock 000000014000ada0 f   libucrt:_freebuf.obj
 0001:00009de0       _isatty                    000000014000ade0 f   libucrt:isatty.obj
 0001:00009e40       _isleadbyte_l              000000014000ae40 f i libucrt:_wctype.obj
 0001:00009e8c       ?__mbrtowc_utf8@__crt_mbstring@@YA_KPEA_WPEBD_KPEAU_Mbstatet@@@Z 000000014000ae8c f   libucrt:mbrtowc.obj
 0001:00009ec8       ?__mbsrtowcs_utf8@__crt_mbstring@@YA_KPEA_WPEAPEBD_KPEAU_Mbstatet@@@Z 000000014000aec8 f   libucrt:mbrtowc.obj
 0001:0000a040       __strncnt                  000000014000b040 f   libucrt:strncnt.obj
 0001:0000a0f4       _lseeki64_nolock           000000014000b0f4 f   libucrt:lseek.obj
 0001:0000a0fc       _putwch_nolock             000000014000b0fc f   libucrt:putwch.obj
 0001:0000a138       _fclose_nolock             000000014000b138 f   libucrt:fclose.obj
 0001:0000a1bc       fclose                     000000014000b1bc f   libucrt:fclose.obj
 0001:0000a220       ?__mbrtoc32_utf8@__crt_mbstring@@YA_KPEA_UPEBD_KPEAU_Mbstatet@@@Z 000000014000b220 f   libucrt:mbrtoc32.obj
 0001:0000a400       log10                      000000014000b400 f   libucrt:log10.obj
 0001:0000a9ac       __dcrt_lowio_ensure_console_output_initialized 000000014000b9ac f   libucrt:initcon.obj
 0001:0000aa00       __dcrt_terminate_console_output 000000014000ba00 f   libucrt:initcon.obj
 0001:0000aa1c       __dcrt_write_console       000000014000ba1c f   libucrt:initcon.obj
 0001:0000ab50       _close                     000000014000bb50 f   libucrt:close.obj
 0001:0000abf4       _close_nolock              000000014000bbf4 f   libucrt:close.obj
 0001:0000acb4       ?__acrt_stdio_free_stream@@YAXV__crt_stdio_stream@@@Z 000000014000bcb4 f   libucrt:stream.obj
 0001:0000adf4       _handle_error              000000014000bdf4 f   libucrt:libm_error.obj
 0001:0000af20       __acrt_initialize_fma3     000000014000bf20 f   libucrt:fma3_available.obj
 0001:0000af90       _log10_special             000000014000bf90 f   libucrt:log_special.obj
 0001:0000b060       _get_fpsr                  000000014000c060 f   libucrt:fpsr.obj
 0001:0000b070       _set_fpsr                  000000014000c070 f   libucrt:fpsr.obj
 0001:0000b07a       _fclrf                     000000014000c07a f   libucrt:fpsr.obj
 0001:0000b08e       _frnd                      000000014000c08e f   libucrt:fpsr.obj
 0001:0000b0b0       _raise_exc                 000000014000c0b0 f   libucrt:fpexcept.obj
 0001:0000b0d8       _raise_exc_ex              000000014000c0d8 f   libucrt:fpexcept.obj
 0001:0000b3e8       _set_errno_from_matherr    000000014000c3e8 f   libucrt:fpexcept.obj
 0001:0000b418       _clrfp                     000000014000c418 f   libucrt:fpctrl.obj
 0001:0000b438       _ctrlfp                    000000014000c438 f   libucrt:fpctrl.obj
 0001:0000b4b4       _set_statfp                000000014000c4b4 f   libucrt:fpctrl.obj
 0001:0000b4d4       _statfp                    000000014000c4d4 f   libucrt:fpctrl.obj
 0001:0000b4f0       _FindPESection             000000014000c4f0 f   LIBCMT:pesect.obj
 0001:0000b540       _IsNonwritableInCurrentImage 000000014000c540 f   LIBCMT:pesect.obj
 0001:0000b590       _ValidateImageBase         000000014000c590 f   LIBCMT:pesect.obj
 0001:0000b5d0       __chkstk                   000000014000c5d0 f   LIBCMT:chkstk.obj
 0001:0000b5d0       _alloca_probe              000000014000c5d0 f   LIBCMT:chkstk.obj
 0001:0000b630       memcmp                     000000014000c630 f   libvcruntime:memcmp.obj
 0001:0000b710       _guard_dispatch_icall_nop  000000014000c710 f   LIBCMT:guard_dispatch.obj
 0001:0000b730       _guard_xfg_dispatch_icall_nop 000000014000c730 f   LIBCMT:guard_xfg_dispatch.obj
 0002:00000000       __imp_StretchDIBits        000000014000d000     Gdi32:GDI32.dll
 0002:00000008       \177GDI32_NULL_THUNK_DATA  000000014000d008     Gdi32:GDI32.dll
 0002:00000010       __imp_CloseHandle          000000014000d010     kernel32:KERNEL32.dll
 0002:00000018       __imp_CreateFileW          000000014000d018     kernel32:KERNEL32.dll
 0002:00000020       __imp_WriteConsoleW        000000014000d020     kernel32:KERNEL32.dll
 0002:00000028       __imp_GetConsoleMode       000000014000d028     kernel32:KERNEL32.dll
 0002:00000030       __imp_GetConsoleOutputCP   000000014000d030     kernel32:KERNEL32.dll
 0002:00000038       __imp_FlushFileBuffers     000000014000d038     kernel32:KERNEL32.dll
 0002:00000040       __imp_SetFilePointerEx     000000014000d040     kernel32:KERNEL32.dll
 0002:00000048       __imp_RaiseException       000000014000d048     kernel32:KERNEL32.dll
 0002:00000050       __imp_OutputDebugStringA   000000014000d050     kernel32:KERNEL32.dll
 0002:00000058       __imp_VirtualAlloc         000000014000d058     kernel32:KERNEL32.dll
 0002:00000060       __imp_VirtualFree          000000014000d060     kernel32:KERNEL32.dll
 0002:00000068       __imp_RtlCaptureContext    000000014000d068     kernel32:KERNEL32.dll
 0002:00000070       __imp_RtlLookupFunctionEntry 000000014000d070     kernel32:KERNEL32.dll
 0002:00000078       __imp_RtlVirtualUnwind     000000014000d078     kernel32:KERNEL32.dll
 0002:00000080       __imp_UnhandledExceptionFilter 000000014000d080     kernel32:KERNEL32.dll
 0002:00000088       __imp_SetUnhandledExceptionFilter 000000014000d088     kernel32:KERNEL32.dll
 0002:00000090       __imp_GetCurrentProcess    000000014000d090     kernel32:KERNEL32.dll
 0002:00000098       __imp_TerminateProcess     000000014000d098     kernel32:KERNEL32.dll
 0002:000000a0       __imp_IsProcessorFeaturePresent 000000014000d0a0     kernel32:KERNEL32.dll
 0002:000000a8       __imp_QueryPerformanceCounter 000000014000d0a8     kernel32:KERNEL32.dll
 0002:000000b0       __imp_GetCurrentProcessId  000000014000d0b0     kernel32:KERNEL32.dll
 0002:000000b8       __imp_GetCurrentThreadId   000000014000d0b8     kernel32:KERNEL32.dll
 0002:000000c0       __imp_GetSystemTimeAsFileTime 000000014000d0c0     kernel32:KERNEL32.dll
 0002:000000c8       __imp_InitializeSListHead  000000014000d0c8     kernel32:KERNEL32.dll
 0002:000000d0       __imp_IsDebuggerPresent    000000014000d0d0     kernel32:KERNEL32.dll
 0002:000000d8       __imp_GetStartupInfoW      000000014000d0d8     kernel32:KERNEL32.dll
 0002:000000e0       __imp_GetModuleHandleW     000000014000d0e0     kernel32:KERNEL32.dll
 0002:000000e8       __imp_HeapReAlloc          000000014000d0e8     kernel32:KERNEL32.dll
 0002:000000f0       __imp_RtlUnwindEx          000000014000d0f0     kernel32:KERNEL32.dll
 0002:000000f8       __imp_GetLastError         000000014000d0f8     kernel32:KERNEL32.dll
 0002:00000100       __imp_SetLastError         000000014000d100     kernel32:KERNEL32.dll
 0002:00000108       __imp_EnterCriticalSection 000000014000d108     kernel32:KERNEL32.dll
 0002:00000110       __imp_LeaveCriticalSection 000000014000d110     kernel32:KERNEL32.dll
 0002:00000118       __imp_DeleteCriticalSection 000000014000d118     kernel32:KERNEL32.dll
 0002:00000120       __imp_InitializeCriticalSectionAndSpinCount 000000014000d120     kernel32:KERNEL32.dll
 0002:00000128       __imp_TlsAlloc             000000014000d128     kernel32:KERNEL32.dll
 0002:00000130       __imp_TlsGetValue          000000014000d130     kernel32:KERNEL32.dll
 0002:00000138       __imp_TlsSetValue          000000014000d138     kernel32:KERNEL32.dll
 0002:00000140       __imp_TlsFree              000000014000d140     kernel32:KERNEL32.dll
 0002:00000148       __imp_FreeLibrary          000000014000d148     kernel32:KERNEL32.dll
 0002:00000150       __imp_GetProcAddress       000000014000d150     kernel32:KERNEL32.dll
 0002:00000158       __imp_LoadLibraryExW       000000014000d158     kernel32:KERNEL32.dll
 0002:00000160       __imp_GetStdHandle         000000014000d160     kernel32:KERNEL32.dll
 0002:00000168       __imp_WriteFile            000000014000d168     kernel32:KERNEL32.dll
 0002:00000170       __imp_GetModuleFileNameW   000000014000d170     kernel32:KERNEL32.dll
 0002:00000178       __imp_ExitProcess          000000014000d178     kernel32:KERNEL32.dll
 0002:00000180       __imp_GetModuleHandleExW   000000014000d180     kernel32:KERNEL32.dll
 0002:00000188       __imp_HeapAlloc            000000014000d188     kernel32:KERNEL32.dll
 0002:00000190       __imp_HeapFree             000000014000d190     kernel32:KERNEL32.dll
 0002:00000198       __imp_FindClose            000000014000d198     kernel32:KERNEL32.dll
 0002:000001a0       __imp_FindFirstFileExW     000000014000d1a0     kernel32:KERNEL32.dll
 0002:000001a8       __imp_FindNextFileW        000000014000d1a8     kernel32:KERNEL32.dll
 0002:000001b0       __imp_IsValidCodePage      000000014000d1b0     kernel32:KERNEL32.dll
 0002:000001b8       __imp_GetACP               000000014000d1b8     kernel32:KERNEL32.dll
 0002:000001c0       __imp_GetOEMCP             000000014000d1c0     kernel32:KERNEL32.dll
 0002:000001c8       __imp_GetCPInfo            000000014000d1c8     kernel32:KERNEL32.dll
 0002:000001d0       __imp_GetCommandLineA      000000014000d1d0     kernel32:KERNEL32.dll
 0002:000001d8       __imp_GetCommandLineW      000000014000d1d8     kernel32:KERNEL32.dll
 0002:000001e0       __imp_MultiByteToWideChar  000000014000d1e0     kernel32:KERNEL32.dll
 0002:000001e8       __imp_WideCharToMultiByte  000000014000d1e8     kernel32:KERNEL32.dll
 0002:000001f0       __imp_GetEnvironmentStringsW 000000014000d1f0     kernel32:KERNEL32.dll
 0002:000001f8       __imp_FreeEnvironmentStringsW 000000014000d1f8     kernel32:KERNEL32.dll
 0002:00000200       __imp_SetStdHandle         000000014000d200     kernel32:KERNEL32.dll
 0002:00000208       __imp_GetFileType          000000014000d208     kernel32:KERNEL32.dll
 0002:00000210       __imp_GetStringTypeW       000000014000d210     kernel32:KERNEL32.dll
 0002:00000218       __imp_LCMapStringW         000000014000d218     kernel32:KERNEL32.dll
 0002:00000220       __imp_GetProcessHeap       000000014000d220     kernel32:KERNEL32.dll
 0002:00000228       __imp_HeapSize             000000014000d228     kernel32:KERNEL32.dll
 0002:00000230       \177KERNEL32_NULL_THUNK_DATA 000000014000d230     kernel32:KERNEL32.dll
 0002:00000238       __imp_DispatchMessageA     000000014000d238     User32:USER32.dll
 0002:00000240       __imp_GetClientRect        000000014000d240     User32:USER32.dll
 0002:00000248       __imp_EndPaint             000000014000d248     User32:USER32.dll
 0002:00000250       __imp_BeginPaint           000000014000d250     User32:USER32.dll
 0002:00000258       __imp_GetDC                000000014000d258     User32:USER32.dll
 0002:00000260       __imp_CreateWindowExA      000000014000d260     User32:USER32.dll
 0002:00000268       __imp_RegisterClassA       000000014000d268     User32:USER32.dll
 0002:00000270       __imp_DefWindowProcA       000000014000d270     User32:USER32.dll
 0002:00000278       __imp_PeekMessageA         000000014000d278     User32:USER32.dll
 0002:00000280       __imp_TranslateMessage     000000014000d280     User32:USER32.dll
 0002:00000288       \177USER32_NULL_THUNK_DATA 000000014000d288     User32:USER32.dll
 0002:00000290       __guard_check_icall_fptr   000000014000d290     LIBCMT:guard_support.obj
 0002:00000298       __guard_xfg_check_icall_fptr 000000014000d298     LIBCMT:guard_support.obj
 0002:000002a0       __guard_dispatch_icall_fptr 000000014000d2a0     LIBCMT:guard_support.obj
 0002:000002a8       __guard_xfg_dispatch_icall_fptr 000000014000d2a8     LIBCMT:guard_support.obj
 0002:000002b0       __guard_xfg_table_dispatch_icall_fptr 000000014000d2b0     LIBCMT:guard_support.obj
 0002:000002b8       __castguard_check_failure_os_handled_fptr 000000014000d2b8     LIBCMT:guard_support.obj
 0002:000002c0       __guard_memcpy_fptr        000000014000d2c0     libvcruntime:softmemtag.obj
 0002:000002c8       __xc_a                     000000014000d2c8     LIBCMT:initializers.obj
 0002:000002d8       __xc_z                     000000014000d2d8     LIBCMT:initializers.obj
 0002:000002e0       __xi_a                     000000014000d2e0     LIBCMT:initializers.obj
 0002:000002f8       __acrt_multibyte_initializer 000000014000d2f8     libucrt:multibyte_initializer.obj
 0002:00000300       __acrt_fmode_initializer   000000014000d300     libucrt:fmode_initializer.obj
 0002:00000308       __acrt_stdio_initializer   000000014000d308     libucrt:stdio_initializer.obj
 0002:00000310       __acrt_tran_fma3_initializer 000000014000d310     libucrt:fma3_initializer.obj
 0002:00000318       __xi_z                     000000014000d318     LIBCMT:initializers.obj
 0002:00000320       __xp_a                     000000014000d320     LIBCMT:initializers.obj
 0002:00000328       __acrt_locale_terminator   000000014000d328     libucrt:locale_initializer.obj
 0002:00000330       __dcrt_console_output_terminator 000000014000d330     libucrt:console_output_initializer.obj
 0002:00000338       __acrt_stdio_terminator    000000014000d338     libucrt:stdio_initializer.obj
 0002:00000340       __xp_z                     000000014000d340     LIBCMT:initializers.obj
 0002:00000348       __xt_a                     000000014000d348     LIBCMT:initializers.obj
 0002:00000350       __xt_z                     000000014000d350     LIBCMT:initializers.obj
 0002:000003b0       __xmm@ffffffffffffffffffffffffffffffff 000000014000d3b0     LIBCMT:utility.obj
 0002:000003c0       _pDestructExceptionObject  000000014000d3c0     libvcruntime:ehhelpers.obj
 0002:00000ae0       ??_C@_08EHJDFFNH@__based?$CI@ 000000014000dae0     libvcruntime:undname.obj
 0002:00000af0       ??_C@_07KOLFKCDI@__cdecl@  000000014000daf0     libvcruntime:undname.obj
 0002:00000af8       ??_C@_08GHMPAG@__pascal@   000000014000daf8     libvcruntime:undname.obj
 0002:00000b08       ??_C@_09IFJBGAPI@__stdcall@ 000000014000db08     libvcruntime:undname.obj
 0002:00000b18       ??_C@_0L@NPHFGOKO@__thiscall@ 000000014000db18     libvcruntime:undname.obj
 0002:00000b28       ??_C@_0L@JMKHOMEK@__fastcall@ 000000014000db28     libvcruntime:undname.obj
 0002:00000b38       ??_C@_0N@BCKKPABJ@__vectorcall@ 000000014000db38     libvcruntime:undname.obj
 0002:00000b48       ??_C@_09HIJEGCPM@__clrcall@ 000000014000db48     libvcruntime:undname.obj
 0002:00000b54       ??_C@_06GHPCKEAG@__eabi@   000000014000db54     libvcruntime:undname.obj
 0002:00000b60       ??_C@_09IOPIDJLG@__swift_1@ 000000014000db60     libvcruntime:undname.obj
 0002:00000b70       ??_C@_09KFNFGKHF@__swift_2@ 000000014000db70     libvcruntime:undname.obj
 0002:00000b80       ??_C@_09LMMOFLDE@__swift_3@ 000000014000db80     libvcruntime:undname.obj
 0002:00000b90       ??_C@_07JOMMBBKO@__ptr64@  000000014000db90     libvcruntime:undname.obj
 0002:00000b98       ??_C@_0L@PILCLIHE@__restrict@ 000000014000db98     libvcruntime:undname.obj
 0002:00000ba8       ??_C@_0M@GFIIJFMG@__unaligned@ 000000014000dba8     libvcruntime:undname.obj
 0002:00000bb8       ??_C@_09DHDLOLLB@restrict?$CI@ 000000014000dbb8     libvcruntime:undname.obj
 0002:00000bc2       ??_C@_00CNPNBAHC@@         000000014000dbc2     libvcruntime:undname.obj
 0002:00000bc4       ??_C@_04NIHEBCM@?5new@     000000014000dbc4     libvcruntime:undname.obj
 0002:00000bd0       ??_C@_07FPCDHGMM@?5delete@ 000000014000dbd0     libvcruntime:undname.obj
 0002:00000bd8       ??_C@_01NEMOKFLO@?$DN@     000000014000dbd8     libvcruntime:undname.obj
 0002:00000bdc       ??_C@_02GPIOPFAK@?$DO?$DO@ 000000014000dbdc     libvcruntime:undname.obj
 0002:00000be0       ??_C@_02FODMEDOG@?$DM?$DM@ 000000014000dbe0     libvcruntime:undname.obj
 0002:00000be4       ??_C@_01DCLJPIOD@?$CB@     000000014000dbe4     libvcruntime:undname.obj
 0002:00000be8       ??_C@_02EGOFBIJA@?$DN?$DN@ 000000014000dbe8     libvcruntime:undname.obj
 0002:00000bec       ??_C@_02FDNJECIE@?$CB?$DN@ 000000014000dbec     libvcruntime:undname.obj
 0002:00000bf0       ??_C@_02GPECMEKF@?$FL?$FN@ 000000014000dbf0     libvcruntime:undname.obj
 0002:00000bf8       ??_C@_08LHJFAFGD@operator@ 000000014000dbf8     libvcruntime:undname.obj
 0002:00000c04       ??_C@_02HBOOOICD@?9?$DO@   000000014000dc04     libvcruntime:undname.obj
 0002:00000c08       ??_C@_01NBENCBCI@?$CK@     000000014000dc08     libvcruntime:undname.obj
 0002:00000c0c       ??_C@_02ECNGHCIF@?$CL?$CL@ 000000014000dc0c     libvcruntime:undname.obj
 0002:00000c10       ??_C@_02BAABKJLB@?9?9@     000000014000dc10     libvcruntime:undname.obj
 0002:00000c14       ??_C@_01JOAMLHOP@?9@       000000014000dc14     libvcruntime:undname.obj
 0002:00000c18       ??_C@_01MIFGBAGJ@?$CL@     000000014000dc18     libvcruntime:undname.obj
 0002:00000c1c       ??_C@_01HNPIGOCE@?$CG@     000000014000dc1c     libvcruntime:undname.obj
 0002:00000c20       ??_C@_03MNHNFDLC@?9?$DO?$CK@ 000000014000dc20     libvcruntime:undname.obj
 0002:00000c24       ??_C@_01KMDKNFGN@?1@       000000014000dc24     libvcruntime:undname.obj
 0002:00000c28       ??_C@_01FGNFDNOH@?$CF@     000000014000dc28     libvcruntime:undname.obj
 0002:00000c2c       ??_C@_01MNNFJEPP@?$DM@     000000014000dc2c     libvcruntime:undname.obj
 0002:00000c30       ??_C@_02EHCHHCKH@?$DM?$DN@ 000000014000dc30     libvcruntime:undname.obj
 0002:00000c34       ??_C@_01PPODPGHN@?$DO@     000000014000dc34     libvcruntime:undname.obj
 0002:00000c38       ??_C@_02EEKDKGMJ@?$DO?$DN@ 000000014000dc38     libvcruntime:undname.obj
 0002:00000c3c       ??_C@_01IHBHIGKO@?0@       000000014000dc3c     libvcruntime:undname.obj
 0002:00000c40       ??_C@_02HCKGKOFO@?$CI?$CJ@ 000000014000dc40     libvcruntime:undname.obj
 0002:00000c44       ??_C@_01PJKLJHI@?$HO@      000000014000dc44     libvcruntime:undname.obj
 0002:00000c48       ??_C@_01JKBOJNNK@?$FO@     000000014000dc48     libvcruntime:undname.obj
 0002:00000c4c       ??_C@_01DNKMNLPK@?$HM@     000000014000dc4c     libvcruntime:undname.obj
 0002:00000c50       ??_C@_02PPKAJPJL@?$CG?$CG@ 000000014000dc50     libvcruntime:undname.obj
 0002:00000c54       ??_C@_02NONPIBCD@?$HM?$HM@ 000000014000dc54     libvcruntime:undname.obj
 0002:00000c58       ??_C@_02FPIMKNGF@?$CK?$DN@ 000000014000dc58     libvcruntime:undname.obj
 0002:00000c5c       ??_C@_02FOEOMHFC@?$CL?$DN@ 000000014000dc5c     libvcruntime:undname.obj
 0002:00000c60       ??_C@_02FKMDLLOA@?9?$DN@   000000014000dc60     libvcruntime:undname.obj
 0002:00000c64       ??_C@_02FJEHGPIO@?1?$DN@   000000014000dc64     libvcruntime:undname.obj
 0002:00000c68       ??_C@_02FENAOKFI@?$CF?$DN@ 000000014000dc68     libvcruntime:undname.obj
 0002:00000c6c       ??_C@_03IKFCCPFF@?$DO?$DO?$DN@ 000000014000dc6c     libvcruntime:undname.obj
 0002:00000c70       ??_C@_03CDNPDDLA@?$DM?$DM?$DN@ 000000014000dc70     libvcruntime:undname.obj
 0002:00000c74       ??_C@_02FGJGFEAB@?$CG?$DN@ 000000014000dc74     libvcruntime:undname.obj
 0002:00000c78       ??_C@_02DHLNPPGH@?$HM?$DN@ 000000014000dc78     libvcruntime:undname.obj
 0002:00000c7c       ??_C@_02MHEGNOJ@?$FO?$DN@  000000014000dc7c     libvcruntime:undname.obj
 0002:00000c80       ??_C@_09IFPLHPGF@?$GAvftable?8@ 000000014000dc80     libvcruntime:undname.obj
 0002:00000c90       ??_C@_09BLBHBJP@?$GAvbtable?8@ 000000014000dc90     libvcruntime:undname.obj
 0002:00000ca0       ??_C@_07FEEIOKP@?$GAvcall?8@ 000000014000dca0     libvcruntime:undname.obj
 0002:00000ca8       ??_C@_08LLFFHHDJ@?$GAtypeof?8@ 000000014000dca8     libvcruntime:undname.obj
 0002:00000cb8       ??_C@_0BF@KDPPACIK@?$GAlocal?5static?5guard?8@ 000000014000dcb8     libvcruntime:undname.obj
 0002:00000cd0       ??_C@_08OBABFOLI@?$GAstring?8@ 000000014000dcd0     libvcruntime:undname.obj
 0002:00000ce0       ??_C@_0BD@JDLKDPAB@?$GAvbase?5destructor?8@ 000000014000dce0     libvcruntime:undname.obj
 0002:00000cf8       ??_C@_0BN@DEGPLNFK@?$GAvector?5deleting?5destructor?8@ 000000014000dcf8     libvcruntime:undname.obj
 0002:00000d18       ??_C@_0BO@OBMKPJIG@?$GAdefault?5constructor?5closure?8@ 000000014000dd18     libvcruntime:undname.obj
 0002:00000d38       ??_C@_0BN@IMDCHIKM@?$GAscalar?5deleting?5destructor?8@ 000000014000dd38     libvcruntime:undname.obj
 0002:00000d58       ??_C@_0BO@PFGOCPJJ@?$GAvector?5constructor?5iterator?8@ 000000014000dd58     libvcruntime:undname.obj
 0002:00000d78       ??_C@_0BN@LFPFMEDL@?$GAvector?5destructor?5iterator?8@ 000000014000dd78     libvcruntime:undname.obj
 0002:00000d98       ??_C@_0CE@IKBNEHA@?$GAvector?5vbase?5constructor?5itera@ 000000014000dd98     libvcruntime:undname.obj
 0002:00000dc0       ??_C@_0BL@NILFHHPC@?$GAvirtual?5displacement?5map?8@ 000000014000ddc0     libvcruntime:undname.obj
 0002:00000de0       ??_C@_0CB@JONCMFFK@?$GAeh?5vector?5constructor?5iterator@ 000000014000dde0     libvcruntime:undname.obj
 0002:00000e08       ??_C@_0CA@GCEOPDGL@?$GAeh?5vector?5destructor?5iterator?8@ 000000014000de08     libvcruntime:undname.obj
 0002:00000e28       ??_C@_0CH@OOJPLCPH@?$GAeh?5vector?5vbase?5constructor?5it@ 000000014000de28     libvcruntime:undname.obj
 0002:00000e50       ??_C@_0BL@LLKPOHJI@?$GAcopy?5constructor?5closure?8@ 000000014000de50     libvcruntime:undname.obj
 0002:00000e70       ??_C@_0BA@KBCDOMBN@?$GAudt?5returning?8@ 000000014000de70     libvcruntime:undname.obj
 0002:00000e80       ??_C@_03KLGMFNMG@?$GAEH@   000000014000de80     libvcruntime:undname.obj
 0002:00000e84       ??_C@_05KHLCHHI@?$GARTTI@  000000014000de84     libvcruntime:undname.obj
 0002:00000e90       ??_C@_0BA@KKLDJDLB@?$GAlocal?5vftable?8@ 000000014000de90     libvcruntime:undname.obj
 0002:00000ea0       ??_C@_0CE@IIHCMGGL@?$GAlocal?5vftable?5constructor?5clos@ 000000014000dea0     libvcruntime:undname.obj
 0002:00000ec4       ??_C@_06FHBGPFGH@?5new?$FL?$FN@ 000000014000dec4     libvcruntime:undname.obj
 0002:00000ed0       ??_C@_09LBNFPBCA@?5delete?$FL?$FN@ 000000014000ded0     libvcruntime:undname.obj
 0002:00000ee0       ??_C@_0P@HJKNJFNN@?$GAomni?5callsig?8@ 000000014000dee0     libvcruntime:undname.obj
 0002:00000ef0       ??_C@_0BL@CNOONJFP@?$GAplacement?5delete?5closure?8@ 000000014000def0     libvcruntime:undname.obj
 0002:00000f10       ??_C@_0BN@CKNJLHMB@?$GAplacement?5delete?$FL?$FN?5closure?8@ 000000014000df10     libvcruntime:undname.obj
 0002:00000f30       ??_C@_0CG@CFDHKGGD@?$GAmanaged?5vector?5constructor?5ite@ 000000014000df30     libvcruntime:undname.obj
 0002:00000f58       ??_C@_0CF@IMGKMJNO@?$GAmanaged?5vector?5destructor?5iter@ 000000014000df58     libvcruntime:undname.obj
 0002:00000f80       ??_C@_0CG@HLDDJMAG@?$GAeh?5vector?5copy?5constructor?5ite@ 000000014000df80     libvcruntime:undname.obj
 0002:00000fa8       ??_C@_0CM@FCBBDIGB@?$GAeh?5vector?5vbase?5copy?5construct@ 000000014000dfa8     libvcruntime:undname.obj
 0002:00000fd8       ??_C@_0BL@CLIPGLGB@?$GAdynamic?5initializer?5for?5?8@ 000000014000dfd8     libvcruntime:undname.obj
 0002:00000ff8       ??_C@_0CB@PDBIFEP@?$GAdynamic?5atexit?5destructor?5for?5@ 000000014000dff8     libvcruntime:undname.obj
 0002:00001020       ??_C@_0CD@CGAJBKEJ@?$GAvector?5copy?5constructor?5iterat@ 000000014000e020     libvcruntime:undname.obj
 0002:00001048       ??_C@_0CJ@GJELGAMM@?$GAvector?5vbase?5copy?5constructor?5@ 000000014000e048     libvcruntime:undname.obj
 0002:00001078       ??_C@_0CL@FGIJHLCE@?$GAmanaged?5vector?5copy?5constructo@ 000000014000e078     libvcruntime:undname.obj
 0002:000010a8       ??_C@_0BM@PMGGMLDN@?$GAlocal?5static?5thread?5guard?8@ 000000014000e0a8     libvcruntime:undname.obj
 0002:000010c8       ??_C@_0N@BDNMDMOL@operator?5?$CC?$CC?5@ 000000014000e0c8     libvcruntime:undname.obj
 0002:000010d8       ??_C@_0BC@GGEBGALA@operator?5co_await@ 000000014000e0d8     libvcruntime:undname.obj
 0002:000010f0       ??_C@_0M@GAAIMMOH@operator?$DM?$DN?$DO@ 000000014000e0f0     libvcruntime:undname.obj
 0002:00001100       ??_C@_0BC@DAFEJGAK@?5Type?5Descriptor?8@ 000000014000e100     libvcruntime:undname.obj
 0002:00001118       ??_C@_0BM@LDKODKLH@?5Base?5Class?5Descriptor?5at?5?$CI@ 000000014000e118     libvcruntime:undname.obj
 0002:00001138       ??_C@_0BD@LGICGFMM@?5Base?5Class?5Array?8@ 000000014000e138     libvcruntime:undname.obj
 0002:00001150       ??_C@_0BN@MECKDCOJ@?5Class?5Hierarchy?5Descriptor?8@ 000000014000e150     libvcruntime:undname.obj
 0002:00001170       ??_C@_0BK@CFCOFLF@?5Complete?5Object?5Locator?8@ 000000014000e170     libvcruntime:undname.obj
 0002:00001190       ??_C@_0BG@JNJLAMPM@?$GAanonymous?5namespace?8@ 000000014000e190     libvcruntime:undname.obj
 0002:000011c0       ??_C@_1DM@KHCHBNEB@?$AAa?$AAp?$AAi?$AA?9?$AAm?$AAs?$AA?9?$AAw?$AAi?$AAn?$AA?9?$AAc?$AAo?$AAr?$AAe@ 000000014000e1c0     libvcruntime:winapi_downlevel.obj
 0002:00001200       ??_C@_1DK@LPPGFMPP@?$AAa?$AAp?$AAi?$AA?9?$AAm?$AAs?$AA?9?$AAw?$AAi?$AAn?$AA?9?$AAc?$AAo?$AAr?$AAe@ 000000014000e200     libvcruntime:winapi_downlevel.obj
 0002:00001240       ??_C@_1BC@GDMECMAK@?$AAk?$AAe?$AAr?$AAn?$AAe?$AAl?$AA3?$AA2@ 000000014000e240     libvcruntime:winapi_downlevel.obj
 0002:00001258       ??_C@_1BA@PFFKHIOG@?$AAa?$AAp?$AAi?$AA?9?$AAm?$AAs?$AA?9@ 000000014000e258     libvcruntime:winapi_downlevel.obj
 0002:00001270       ??_C@_08KNHFBNJ@FlsAlloc@  000000014000e270     libvcruntime:winapi_downlevel.obj
 0002:00001288       ??_C@_07PEJMOBNF@FlsFree@  000000014000e288     libvcruntime:winapi_downlevel.obj
 0002:00001298       ??_C@_0M@GDNOONDI@FlsGetValue@ 000000014000e298     libvcruntime:winapi_downlevel.obj
 0002:000012b0       ??_C@_0M@JCPCPOEF@FlsSetValue@ 000000014000e2b0     libvcruntime:winapi_downlevel.obj
 0002:000012c8       ??_C@_0BM@HCFOFFN@InitializeCriticalSectionEx@ 000000014000e2c8     libvcruntime:winapi_downlevel.obj
 0002:000012f0       __acrt_exception_action_table 000000014000e2f0     libucrt:exception_filter.obj
 0002:000013b0       __acrt_signal_action_table_count 000000014000e3b0     libucrt:exception_filter.obj
 0002:000013b8       __acrt_signal_action_first_fpe_index 000000014000e3b8     libucrt:exception_filter.obj
 0002:000013c0       __acrt_signal_action_fpe_count 000000014000e3c0     libucrt:exception_filter.obj
 0002:000013c8       ??_C@_1BI@BGOHAHKC@?$AAm?$AAs?$AAc?$AAo?$AAr?$AAe?$AAe?$AA?4?$AAd?$AAl?$AAl@ 000000014000e3c8     libucrt:exit.obj
 0002:000013e0       ??_C@_0P@MIGLKIOC@CorExitProcess@ 000000014000e3e0     libucrt:exit.obj
 0002:00001678       ??_C@_1M@HPNHIDJI@?$AAj?$AAa?$AA?9?$AAJ?$AAP@ 000000014000e678     libucrt:mbctype.obj
 0002:00001688       ??_C@_1M@BIBDDEMK@?$AAz?$AAh?$AA?9?$AAC?$AAN@ 000000014000e688     libucrt:mbctype.obj
 0002:00001698       ??_C@_1M@JLOOOEGK@?$AAk?$AAo?$AA?9?$AAK?$AAR@ 000000014000e698     libucrt:mbctype.obj
 0002:000016a8       ??_C@_1M@CLNBBOPM@?$AAz?$AAh?$AA?9?$AAT?$AAW@ 000000014000e6a8     libucrt:mbctype.obj
 0002:000016c0       __lc_time_c                000000014000e6c0     libucrt:nlsdata.obj
 0002:00001980       ??_C@_03KOEHGMDN@Sun@      000000014000e980     libucrt:nlsdata.obj
 0002:00001984       ??_C@_03PDAGKDH@Mon@       000000014000e984     libucrt:nlsdata.obj
 0002:00001988       ??_C@_03NAGEINEP@Tue@      000000014000e988     libucrt:nlsdata.obj
 0002:0000198c       ??_C@_03MHOMLAJA@Wed@      000000014000e98c     libucrt:nlsdata.obj
 0002:00001990       ??_C@_03IOFIKPDN@Thu@      000000014000e990     libucrt:nlsdata.obj
 0002:00001994       ??_C@_03IDIOELNC@Fri@      000000014000e994     libucrt:nlsdata.obj
 0002:00001998       ??_C@_03FEFJNEK@Sat@       000000014000e998     libucrt:nlsdata.obj
 0002:0000199c       ??_C@_06OOPIFAJ@Sunday@    000000014000e99c     libucrt:nlsdata.obj
 0002:000019a4       ??_C@_06JLEDEDGH@Monday@   000000014000e9a4     libucrt:nlsdata.obj
 0002:000019b0       ??_C@_07BAAGCFCM@Tuesday@  000000014000e9b0     libucrt:nlsdata.obj
 0002:000019b8       ??_C@_09DLIGFAKA@Wednesday@ 000000014000e9b8     libucrt:nlsdata.obj
 0002:000019c8       ??_C@_08HACCIKIA@Thursday@ 000000014000e9c8     libucrt:nlsdata.obj
 0002:000019d4       ??_C@_06JECMNKMI@Friday@   000000014000e9d4     libucrt:nlsdata.obj
 0002:000019e0       ??_C@_08INBOOONO@Saturday@ 000000014000e9e0     libucrt:nlsdata.obj
 0002:000019ec       ??_C@_03JIHJHPIE@Jan@      000000014000e9ec     libucrt:nlsdata.obj
 0002:000019f0       ??_C@_03HJBDCHOM@Feb@      000000014000e9f0     libucrt:nlsdata.obj
 0002:000019f4       ??_C@_03ODNJBKGA@Mar@      000000014000e9f4     libucrt:nlsdata.obj
 0002:000019f8       ??_C@_03LEOLGMJP@Apr@      000000014000e9f8     libucrt:nlsdata.obj
 0002:000019fc       ??_C@_03CNMDKL@May@        000000014000e9fc     libucrt:nlsdata.obj
 0002:00001a00       ??_C@_03IDFGHECI@Jun@      000000014000ea00     libucrt:nlsdata.obj
 0002:00001a04       ??_C@_03LBGABGKK@Jul@      000000014000ea04     libucrt:nlsdata.obj
 0002:00001a08       ??_C@_03IFJFEIGA@Aug@      000000014000ea08     libucrt:nlsdata.obj
 0002:00001a0c       ??_C@_03GGCAPAJC@Sep@      000000014000ea0c     libucrt:nlsdata.obj
 0002:00001a10       ??_C@_03BMAOKBAD@Oct@      000000014000ea10     libucrt:nlsdata.obj
 0002:00001a14       ??_C@_03JPJOFNIA@Nov@      000000014000ea14     libucrt:nlsdata.obj
 0002:00001a18       ??_C@_03MKABNOCG@Dec@      000000014000ea18     libucrt:nlsdata.obj
 0002:00001a20       ??_C@_07CGJPFGJA@January@  000000014000ea20     libucrt:nlsdata.obj
 0002:00001a28       ??_C@_08GNJGEPFN@February@ 000000014000ea28     libucrt:nlsdata.obj
 0002:00001a34       ??_C@_05HPCKOFNC@March@    000000014000ea34     libucrt:nlsdata.obj
 0002:00001a3c       ??_C@_05DMJDNLEJ@April@    000000014000ea3c     libucrt:nlsdata.obj
 0002:00001a44       ??_C@_04CNLMGBGM@June@     000000014000ea44     libucrt:nlsdata.obj
 0002:00001a4c       ??_C@_04MIEPOIFP@July@     000000014000ea4c     libucrt:nlsdata.obj
 0002:00001a54       ??_C@_06LBBHFDDG@August@   000000014000ea54     libucrt:nlsdata.obj
 0002:00001a60       ??_C@_09BHHEALKD@September@ 000000014000ea60     libucrt:nlsdata.obj
 0002:00001a70       ??_C@_07JJNFCEND@October@  000000014000ea70     libucrt:nlsdata.obj
 0002:00001a78       ??_C@_08HCHEGEOA@November@ 000000014000ea78     libucrt:nlsdata.obj
 0002:00001a88       ??_C@_08EDHMEBNP@December@ 000000014000ea88     libucrt:nlsdata.obj
 0002:00001a94       ??_C@_02DEDBPAFC@AM@       000000014000ea94     libucrt:nlsdata.obj
 0002:00001a98       ??_C@_02CJNFDJBF@PM@       000000014000ea98     libucrt:nlsdata.obj
 0002:00001aa0       ??_C@_08BPBNCDIB@MM?1dd?1yy@ 000000014000eaa0     libucrt:nlsdata.obj
 0002:00001ab0       ??_C@_0BE@CKGJFCPC@dddd?0?5MMMM?5dd?0?5yyyy@ 000000014000eab0     libucrt:nlsdata.obj
 0002:00001ac8       ??_C@_08JCCMCCIL@HH?3mm?3ss@ 000000014000eac8     libucrt:nlsdata.obj
 0002:00001ad8       ??_C@_17MBGCMIPB@?$AAS?$AAu?$AAn@ 000000014000ead8     libucrt:nlsdata.obj
 0002:00001ae0       ??_C@_17KBOMKBF@?$AAM?$AAo?$AAn@ 000000014000eae0     libucrt:nlsdata.obj
 0002:00001ae8       ??_C@_17BMKGEGOJ@?$AAT?$AAu?$AAe@ 000000014000eae8     libucrt:nlsdata.obj
 0002:00001af0       ??_C@_17CJEDCEPE@?$AAW?$AAe?$AAd@ 000000014000eaf0     libucrt:nlsdata.obj
 0002:00001af8       ??_C@_17PDPHAADD@?$AAT?$AAh?$AAu@ 000000014000eaf8     libucrt:nlsdata.obj
 0002:00001b00       ??_C@_17HFOLPPLP@?$AAF?$AAr?$AAi@ 000000014000eb00     libucrt:nlsdata.obj
 0002:00001b08       ??_C@_17GGIBDPIH@?$AAS?$AAa?$AAt@ 000000014000eb08     libucrt:nlsdata.obj
 0002:00001b10       ??_C@_1O@IHNHDHPB@?$AAS?$AAu?$AAn?$AAd?$AAa?$AAy@ 000000014000eb10     libucrt:nlsdata.obj
 0002:00001b20       ??_C@_1O@MMNBFLIA@?$AAM?$AAo?$AAn?$AAd?$AAa?$AAy@ 000000014000eb20     libucrt:nlsdata.obj
 0002:00001b30       ??_C@_1BA@ENFBFFEK@?$AAT?$AAu?$AAe?$AAs?$AAd?$AAa?$AAy@ 000000014000eb30     libucrt:nlsdata.obj
 0002:00001b40       ??_C@_1BE@EBOGMDOH@?$AAW?$AAe?$AAd?$AAn?$AAe?$AAs?$AAd?$AAa?$AAy@ 000000014000eb40     libucrt:nlsdata.obj
 0002:00001b58       ??_C@_1BC@HHMNLIHE@?$AAT?$AAh?$AAu?$AAr?$AAs?$AAd?$AAa?$AAy@ 000000014000eb58     libucrt:nlsdata.obj
 0002:00001b70       ??_C@_1O@PDICJHAG@?$AAF?$AAr?$AAi?$AAd?$AAa?$AAy@ 000000014000eb70     libucrt:nlsdata.obj
 0002:00001b80       ??_C@_1BC@ENMNNPAJ@?$AAS?$AAa?$AAt?$AAu?$AAr?$AAd?$AAa?$AAy@ 000000014000eb80     libucrt:nlsdata.obj
 0002:00001b98       ??_C@_17DKNBKCHM@?$AAJ?$AAa?$AAn@ 000000014000eb98     libucrt:nlsdata.obj
 0002:00001ba0       ??_C@_17LMDJEKJN@?$AAF?$AAe?$AAb@ 000000014000eba0     libucrt:nlsdata.obj
 0002:00001ba8       ??_C@_17CKNLEDEC@?$AAM?$AAa?$AAr@ 000000014000eba8     libucrt:nlsdata.obj
 0002:00001bb0       ??_C@_17LFPOIHDD@?$AAA?$AAp?$AAr@ 000000014000ebb0     libucrt:nlsdata.obj
 0002:00001bb8       ??_C@_17PNNKMEED@?$AAM?$AAa?$AAy@ 000000014000ebb8     libucrt:nlsdata.obj
 0002:00001bc0       ??_C@_17KCJGOCPB@?$AAJ?$AAu?$AAn@ 000000014000ebc0     libucrt:nlsdata.obj
 0002:00001bc8       ??_C@_17IJPCKHK@?$AAJ?$AAu?$AAl@ 000000014000ebc8     libucrt:nlsdata.obj
 0002:00001bd0       ??_C@_17ICPELBCN@?$AAA?$AAu?$AAg@ 000000014000ebd0     libucrt:nlsdata.obj
 0002:00001bd8       ??_C@_17HCHCOKMG@?$AAS?$AAe?$AAp@ 000000014000ebd8     libucrt:nlsdata.obj
 0002:00001be0       ??_C@_17FNLKOI@?$AAO?$AAc?$AAt@ 000000014000ebe0     libucrt:nlsdata.obj
 0002:00001be8       ??_C@_17BBDMLCIG@?$AAN?$AAo?$AAv@ 000000014000ebe8     libucrt:nlsdata.obj
 0002:00001bf0       ??_C@_17EGKACKIF@?$AAD?$AAe?$AAc@ 000000014000ebf0     libucrt:nlsdata.obj
 0002:00001bf8       ??_C@_1BA@EFMEIEBA@?$AAJ?$AAa?$AAn?$AAu?$AAa?$AAr?$AAy@ 000000014000ebf8     libucrt:nlsdata.obj
 0002:00001c08       ??_C@_1BC@JGDDFFAM@?$AAF?$AAe?$AAb?$AAr?$AAu?$AAa?$AAr?$AAy@ 000000014000ec08     libucrt:nlsdata.obj
 0002:00001c20       ??_C@_1M@IKEENEDF@?$AAM?$AAa?$AAr?$AAc?$AAh@ 000000014000ec20     libucrt:nlsdata.obj
 0002:00001c30       ??_C@_1M@GJNLMHFD@?$AAA?$AAp?$AAr?$AAi?$AAl@ 000000014000ec30     libucrt:nlsdata.obj
 0002:00001c40       ??_C@_19EPFLPGAP@?$AAJ?$AAu?$AAn?$AAe@ 000000014000ec40     libucrt:nlsdata.obj
 0002:00001c50       ??_C@_19BIFMLPCD@?$AAJ?$AAu?$AAl?$AAy@ 000000014000ec50     libucrt:nlsdata.obj
 0002:00001c60       ??_C@_1O@PAHLKOAC@?$AAA?$AAu?$AAg?$AAu?$AAs?$AAt@ 000000014000ec60     libucrt:nlsdata.obj
 0002:00001c70       ??_C@_1BE@DKAAMBJL@?$AAS?$AAe?$AAp?$AAt?$AAe?$AAm?$AAb?$AAe?$AAr@ 000000014000ec70     libucrt:nlsdata.obj
 0002:00001c88       ??_C@_1BA@EPANDLNG@?$AAO?$AAc?$AAt?$AAo?$AAb?$AAe?$AAr@ 000000014000ec88     libucrt:nlsdata.obj
 0002:00001c98       ??_C@_1BC@BGLIFPF@?$AAN?$AAo?$AAv?$AAe?$AAm?$AAb?$AAe?$AAr@ 000000014000ec98     libucrt:nlsdata.obj
 0002:00001cb0       ??_C@_1BC@FEMKIFH@?$AAD?$AAe?$AAc?$AAe?$AAm?$AAb?$AAe?$AAr@ 000000014000ecb0     libucrt:nlsdata.obj
 0002:00001cc4       ??_C@_15ODEHAHHF@?$AAA?$AAM@ 000000014000ecc4     libucrt:nlsdata.obj
 0002:00001ccc       ??_C@_15CLMNNGEL@?$AAP?$AAM@ 000000014000eccc     libucrt:nlsdata.obj
 0002:00001cd8       ??_C@_1BC@IEBCMHCM@?$AAM?$AAM?$AA?1?$AAd?$AAd?$AA?1?$AAy?$AAy@ 000000014000ecd8     libucrt:nlsdata.obj
 0002:00001cf0       ??_C@_1CI@KNAKOEBC@?$AAd?$AAd?$AAd?$AAd?$AA?0?$AA?5?$AAM?$AAM?$AAM?$AAM?$AA?5?$AAd?$AAd?$AA?0?$AA?5@ 000000014000ecf0     libucrt:nlsdata.obj
 0002:00001d18       ??_C@_1BC@GDGBMEMK@?$AAH?$AAH?$AA?3?$AAm?$AAm?$AA?3?$AAs?$AAs@ 000000014000ed18     libucrt:nlsdata.obj
 0002:00001d30       ??_C@_1M@BMHNFIME@?$AAe?$AAn?$AA?9?$AAU?$AAS@ 000000014000ed30     libucrt:nlsdata.obj
 0002:00001d40       __newctype                 000000014000ed40     libucrt:ctype.obj
 0002:00002040       __newclmap                 000000014000f040     libucrt:ctype.obj
 0002:000021c0       __newcumap                 000000014000f1c0     libucrt:ctype.obj
 0002:00002340       ??_C@_15PJPFLCCM@?$AAu?$AAk@ 000000014000f340     libucrt:get_qualified_locale.obj
 0002:000023f0       ??_C@_1EA@JGEFHKEI@?$AAa?$AAp?$AAi?$AA?9?$AAm?$AAs?$AA?9?$AAw?$AAi?$AAn?$AA?9?$AAc?$AAo?$AAr?$AAe@ 000000014000f3f0     libucrt:winapi_thunks.obj
 0002:00002430       ??_C@_1DI@IJCEHOCB@?$AAa?$AAp?$AAi?$AA?9?$AAm?$AAs?$AA?9?$AAw?$AAi?$AAn?$AA?9?$AAc?$AAo?$AAr?$AAe@ 000000014000f430     libucrt:winapi_thunks.obj
 0002:00002470       ??_C@_1EI@MPIAOHOC@?$AAa?$AAp?$AAi?$AA?9?$AAm?$AAs?$AA?9?$AAw?$AAi?$AAn?$AA?9?$AAc?$AAo?$AAr?$AAe@ 000000014000f470     libucrt:winapi_thunks.obj
 0002:000024c0       ??_C@_1FK@FPHCKFIE@?$AAa?$AAp?$AAi?$AA?9?$AAm?$AAs?$AA?9?$AAw?$AAi?$AAn?$AA?9?$AAc?$AAo?$AAr?$AAe@ 000000014000f4c0     libucrt:winapi_thunks.obj
 0002:00002520       ??_C@_1EM@DILCGIIO@?$AAa?$AAp?$AAi?$AA?9?$AAm?$AAs?$AA?9?$AAw?$AAi?$AAn?$AA?9?$AAc?$AAo?$AAr?$AAe@ 000000014000f520     libucrt:winapi_thunks.obj
 0002:00002570       ??_C@_1DM@LNCGDDPN@?$AAa?$AAp?$AAi?$AA?9?$AAm?$AAs?$AA?9?$AAw?$AAi?$AAn?$AA?9?$AAc?$AAo?$AAr?$AAe@ 000000014000f570     libucrt:winapi_thunks.obj
 0002:000025b0       ??_C@_1DO@FPAPJEMD@?$AAa?$AAp?$AAi?$AA?9?$AAm?$AAs?$AA?9?$AAw?$AAi?$AAn?$AA?9?$AAc?$AAo?$AAr?$AAe@ 000000014000f5b0     libucrt:winapi_thunks.obj
 0002:000025f0       ??_C@_1DK@NDHNAHIO@?$AAa?$AAp?$AAi?$AA?9?$AAm?$AAs?$AA?9?$AAw?$AAi?$AAn?$AA?9?$AAc?$AAo?$AAr?$AAe@ 000000014000f5f0     libucrt:winapi_thunks.obj
 0002:00002630       ??_C@_1DM@KGHDGBCM@?$AAa?$AAp?$AAi?$AA?9?$AAm?$AAs?$AA?9?$AAw?$AAi?$AAn?$AA?9?$AAc?$AAo?$AAr?$AAe@ 000000014000f630     libucrt:winapi_thunks.obj
 0002:00002670       ??_C@_1EO@IJIOEFOH@?$AAa?$AAp?$AAi?$AA?9?$AAm?$AAs?$AA?9?$AAw?$AAi?$AAn?$AA?9?$AAr?$AAt?$AAc?$AAo@ 000000014000f670     libucrt:winapi_thunks.obj
 0002:000026c0       ??_C@_1FG@HHGEKANL@?$AAa?$AAp?$AAi?$AA?9?$AAm?$AAs?$AA?9?$AAw?$AAi?$AAn?$AA?9?$AAs?$AAe?$AAc?$AAu@ 000000014000f6c0     libucrt:winapi_thunks.obj
 0002:00002720       ??_C@_1EG@DBIOJECG@?$AAe?$AAx?$AAt?$AA?9?$AAm?$AAs?$AA?9?$AAw?$AAi?$AAn?$AA?9?$AAn?$AAt?$AAu?$AAs@ 000000014000f720     libucrt:winapi_thunks.obj
 0002:00002770       ??_C@_1EO@FIHMJCLF@?$AAe?$AAx?$AAt?$AA?9?$AAm?$AAs?$AA?9?$AAw?$AAi?$AAn?$AA?9?$AAn?$AAt?$AAu?$AAs@ 000000014000f770     libucrt:winapi_thunks.obj
 0002:000027c0       ??_C@_1BC@DNHGCMLG@?$AAa?$AAd?$AAv?$AAa?$AAp?$AAi?$AA3?$AA2@ 000000014000f7c0     libucrt:winapi_thunks.obj
 0002:000027d8       ??_C@_1M@OAIMIKLP@?$AAn?$AAt?$AAd?$AAl?$AAl@ 000000014000f7d8     libucrt:winapi_thunks.obj
 0002:000027f0       ??_C@_1EG@DPGNFKGC@?$AAa?$AAp?$AAi?$AA?9?$AAm?$AAs?$AA?9?$AAw?$AAi?$AAn?$AA?9?$AAa?$AAp?$AAp?$AAm@ 000000014000f7f0     libucrt:winapi_thunks.obj
 0002:00002838       ??_C@_1O@BCCLBEOE@?$AAu?$AAs?$AAe?$AAr?$AA3?$AA2@ 000000014000f838     libucrt:winapi_thunks.obj
 0002:00002848       ??_C@_1BA@IAIFMGEF@?$AAe?$AAx?$AAt?$AA?9?$AAm?$AAs?$AA?9@ 000000014000f848     libucrt:winapi_thunks.obj
 0002:00002860       ??_C@_0BA@FHFNEAED@AreFileApisANSI@ 000000014000f860     libucrt:winapi_thunks.obj
 0002:000028a0       ??_C@_0O@KKBNKAPF@LCMapStringEx@ 000000014000f8a0     libucrt:winapi_thunks.obj
 0002:000028b8       ??_C@_0BB@HBDEELFH@LocaleNameToLCID@ 000000014000f8b8     libucrt:winapi_thunks.obj
 0002:000028d0       ??_C@_0CF@OJOFEIGO@AppPolicyGetProcessTerminationM@ 000000014000f8d0     libucrt:winapi_thunks.obj
 0002:00003740       ??_C@_15EMKDOKLE@?$AAa?$AAr@ 0000000140010740     libucrt:lcidtoname_downlevel.obj
 0002:00003748       ??_C@_15KNPADPLH@?$AAb?$AAg@ 0000000140010748     libucrt:lcidtoname_downlevel.obj
 0002:00003750       ??_C@_15EDMHLDMO@?$AAc?$AAa@ 0000000140010750     libucrt:lcidtoname_downlevel.obj
 0002:00003758       ??_C@_1O@BPEAJADD@?$AAz?$AAh?$AA?9?$AAC?$AAH?$AAS@ 0000000140010758     libucrt:lcidtoname_downlevel.obj
 0002:00003768       ??_C@_15LJNHCMNK@?$AAc?$AAs@ 0000000140010768     libucrt:lcidtoname_downlevel.obj
 0002:00003770       ??_C@_15FOMCIDHG@?$AAd?$AAa@ 0000000140010770     libucrt:lcidtoname_downlevel.obj
 0002:00003778       ??_C@_15NBKABECB@?$AAd?$AAe@ 0000000140010778     libucrt:lcidtoname_downlevel.obj
 0002:00003780       ??_C@_15GHPEIIAO@?$AAe?$AAl@ 0000000140010780     libucrt:lcidtoname_downlevel.obj
 0002:00003788       ??_C@_15MNPNEAIF@?$AAe?$AAn@ 0000000140010788     libucrt:lcidtoname_downlevel.obj
 0002:00003790       ??_C@_15GPIOMPMH@?$AAe?$AAs@ 0000000140010790     libucrt:lcidtoname_downlevel.obj
 0002:00003798       ??_C@_15NGLOAKJC@?$AAf?$AAi@ 0000000140010798     libucrt:lcidtoname_downlevel.obj
 0002:000037a0       ??_C@_15FBKGNKAM@?$AAf?$AAr@ 00000001400107a0     libucrt:lcidtoname_downlevel.obj
 0002:000037a8       ??_C@_15KGGCNEFK@?$AAh?$AAe@ 00000001400107a8     libucrt:lcidtoname_downlevel.obj
 0002:000037b0       ??_C@_15PGHLIDMF@?$AAh?$AAu@ 00000001400107b0     libucrt:lcidtoname_downlevel.obj
 0002:000037b8       ??_C@_15BIEMAPLM@?$AAi?$AAs@ 00000001400107b8     libucrt:lcidtoname_downlevel.obj
 0002:000037c0       ??_C@_15IFJLDHAF@?$AAi?$AAt@ 00000001400107c0     libucrt:lcidtoname_downlevel.obj
 0002:000037c8       ??_C@_15GEMIOCAG@?$AAj?$AAa@ 00000001400107c8     libucrt:lcidtoname_downlevel.obj
 0002:000037d0       ??_C@_15EPELEGJA@?$AAk?$AAo@ 00000001400107d0     libucrt:lcidtoname_downlevel.obj
 0002:000037d8       ??_C@_15NDDHIMN@?$AAn?$AAl@ 00000001400107d8     libucrt:lcidtoname_downlevel.obj
 0002:000037e0       ??_C@_15BPIGNHCD@?$AAn?$AAo@ 00000001400107e0     libucrt:lcidtoname_downlevel.obj
 0002:000037e8       ??_C@_15DEOPBLCG@?$AAp?$AAl@ 00000001400107e8     libucrt:lcidtoname_downlevel.obj
 0002:000037f0       ??_C@_15KBECGEFG@?$AAp?$AAt@ 00000001400107f0     libucrt:lcidtoname_downlevel.obj
 0002:000037f8       ??_C@_15GLJCBFMD@?$AAr?$AAo@ 00000001400107f8     libucrt:lcidtoname_downlevel.obj
 0002:00003800       ??_C@_15FEDGKCDI@?$AAr?$AAu@ 0000000140010800     libucrt:lcidtoname_downlevel.obj
 0002:00003808       ??_C@_15GLKMLLHM@?$AAh?$AAr@ 0000000140010808     libucrt:lcidtoname_downlevel.obj
 0002:00003810       ??_C@_15CPKMFBDB@?$AAs?$AAk@ 0000000140010810     libucrt:lcidtoname_downlevel.obj
 0002:00003818       ??_C@_15BAAIOGMK@?$AAs?$AAq@ 0000000140010818     libucrt:lcidtoname_downlevel.obj
 0002:00003820       ??_C@_15INNPNOHD@?$AAs?$AAv@ 0000000140010820     libucrt:lcidtoname_downlevel.obj
 0002:00003828       ??_C@_15CABMMOGH@?$AAt?$AAh@ 0000000140010828     libucrt:lcidtoname_downlevel.obj
 0002:00003830       ??_C@_15BPLIHJJM@?$AAt?$AAr@ 0000000140010830     libucrt:lcidtoname_downlevel.obj
 0002:00003838       ??_C@_15NEOEKKDJ@?$AAu?$AAr@ 0000000140010838     libucrt:lcidtoname_downlevel.obj
 0002:00003840       ??_C@_15NFICGAJK@?$AAi?$AAd@ 0000000140010840     libucrt:lcidtoname_downlevel.obj
 0002:00003848       ??_C@_15HPJPHDM@?$AAb?$AAe@ 0000000140010848     libucrt:lcidtoname_downlevel.obj
 0002:00003850       ??_C@_15LCHLGJII@?$AAs?$AAl@ 0000000140010850     libucrt:lcidtoname_downlevel.obj
 0002:00003858       ??_C@_15PCFJPHHO@?$AAe?$AAt@ 0000000140010858     libucrt:lcidtoname_downlevel.obj
 0002:00003860       ??_C@_15HPFPGODN@?$AAl?$AAv@ 0000000140010860     libucrt:lcidtoname_downlevel.obj
 0002:00003868       ??_C@_15NFFGKGLG@?$AAl?$AAt@ 0000000140010868     libucrt:lcidtoname_downlevel.obj
 0002:00003870       ??_C@_15BDAKCCHN@?$AAf?$AAa@ 0000000140010870     libucrt:lcidtoname_downlevel.obj
 0002:00003878       ??_C@_15NFGIAIAJ@?$AAv?$AAi@ 0000000140010878     libucrt:lcidtoname_downlevel.obj
 0002:00003880       ??_C@_15LMKNDMHN@?$AAh?$AAy@ 0000000140010880     libucrt:lcidtoname_downlevel.obj
 0002:00003888       ??_C@_15IJBHMCFL@?$AAa?$AAz@ 0000000140010888     libucrt:lcidtoname_downlevel.obj
 0002:00003890       ??_C@_15EKOFJABL@?$AAe?$AAu@ 0000000140010890     libucrt:lcidtoname_downlevel.obj
 0002:00003898       ??_C@_15BGHADCNK@?$AAm?$AAk@ 0000000140010898     libucrt:lcidtoname_downlevel.obj
 0002:000038a0       ??_C@_15JDNICKHM@?$AAa?$AAf@ 00000001400108a0     libucrt:lcidtoname_downlevel.obj
 0002:000038a8       ??_C@_15KPJEDBKD@?$AAk?$AAa@ 00000001400108a8     libucrt:lcidtoname_downlevel.obj
 0002:000038b0       ??_C@_15PDNFFFEO@?$AAf?$AAo@ 00000001400108b0     libucrt:lcidtoname_downlevel.obj
 0002:000038b8       ??_C@_15OMLEGLOC@?$AAh?$AAi@ 00000001400108b8     libucrt:lcidtoname_downlevel.obj
 0002:000038c0       ??_C@_15IDNNENKK@?$AAm?$AAs@ 00000001400108c0     libucrt:lcidtoname_downlevel.obj
 0002:000038c8       ??_C@_15MACJNBMH@?$AAk?$AAk@ 00000001400108c8     libucrt:lcidtoname_downlevel.obj
 0002:000038d0       ??_C@_15DKDJEOND@?$AAk?$AAy@ 00000001400108d0     libucrt:lcidtoname_downlevel.obj
 0002:000038d8       ??_C@_15DFGDLJBG@?$AAs?$AAw@ 00000001400108d8     libucrt:lcidtoname_downlevel.obj
 0002:000038e0       ??_C@_15BBFAICNG@?$AAu?$AAz@ 00000001400108e0     libucrt:lcidtoname_downlevel.obj
 0002:000038e8       ??_C@_15DKNDCGEA@?$AAt?$AAt@ 00000001400108e8     libucrt:lcidtoname_downlevel.obj
 0002:000038f0       ??_C@_15MGIFMDPL@?$AAp?$AAa@ 00000001400108f0     libucrt:lcidtoname_downlevel.obj
 0002:000038f8       ??_C@_15HCNDBBA@?$AAg?$AAu@ 00000001400108f8     libucrt:lcidtoname_downlevel.obj
 0002:00003900       ??_C@_15FNBEIBON@?$AAt?$AAa@ 0000000140010900     libucrt:lcidtoname_downlevel.obj
 0002:00003908       ??_C@_15NCHGBGLK@?$AAt?$AAe@ 0000000140010908     libucrt:lcidtoname_downlevel.obj
 0002:00003910       ??_C@_15PHPHCBPF@?$AAk?$AAn@ 0000000140010910     libucrt:lcidtoname_downlevel.obj
 0002:00003918       ??_C@_15DLGBCKMP@?$AAm?$AAr@ 0000000140010918     libucrt:lcidtoname_downlevel.obj
 0002:00003920       ??_C@_15EABBLBFF@?$AAs?$AAa@ 0000000140010920     libucrt:lcidtoname_downlevel.obj
 0002:00003928       ??_C@_15CBKOMCOI@?$AAm?$AAn@ 0000000140010928     libucrt:lcidtoname_downlevel.obj
 0002:00003930       ??_C@_15CKDMCJAF@?$AAg?$AAl@ 0000000140010930     libucrt:lcidtoname_downlevel.obj
 0002:00003938       ??_C@_17CNJFBPG@?$AAk?$AAo?$AAk@ 0000000140010938     libucrt:lcidtoname_downlevel.obj
 0002:00003940       ??_C@_17FFBJICPL@?$AAs?$AAy?$AAr@ 0000000140010940     libucrt:lcidtoname_downlevel.obj
 0002:00003948       ??_C@_17KPNDCPAF@?$AAd?$AAi?$AAv@ 0000000140010948     libucrt:lcidtoname_downlevel.obj
 0002:00003950       ??_C@_11LOCGONAA@@         0000000140010950     libucrt:lcidtoname_downlevel.obj
 0002:00003958       ??_C@_1M@OKAHONE@?$AAa?$AAr?$AA?9?$AAS?$AAA@ 0000000140010958     libucrt:lcidtoname_downlevel.obj
 0002:00003968       ??_C@_1M@FFFIGIGK@?$AAb?$AAg?$AA?9?$AAB?$AAG@ 0000000140010968     libucrt:lcidtoname_downlevel.obj
 0002:00003978       ??_C@_1M@BJNKEDC@?$AAc?$AAa?$AA?9?$AAE?$AAS@ 0000000140010978     libucrt:lcidtoname_downlevel.obj
 0002:00003988       ??_C@_1M@IJJHFJHA@?$AAc?$AAs?$AA?9?$AAC?$AAZ@ 0000000140010988     libucrt:lcidtoname_downlevel.obj
 0002:00003998       ??_C@_1M@CLPEOBGI@?$AAd?$AAa?$AA?9?$AAD?$AAK@ 0000000140010998     libucrt:lcidtoname_downlevel.obj
 0002:000039a8       ??_C@_1M@MCMADGCB@?$AAd?$AAe?$AA?9?$AAD?$AAE@ 00000001400109a8     libucrt:lcidtoname_downlevel.obj
 0002:000039b8       ??_C@_1M@OOCKEMAM@?$AAe?$AAl?$AA?9?$AAG?$AAR@ 00000001400109b8     libucrt:lcidtoname_downlevel.obj
 0002:000039c8       ??_C@_1M@DDNJFGID@?$AAf?$AAi?$AA?9?$AAF?$AAI@ 00000001400109c8     libucrt:lcidtoname_downlevel.obj
 0002:000039d8       ??_C@_1M@GLIPPMAC@?$AAf?$AAr?$AA?9?$AAF?$AAR@ 00000001400109d8     libucrt:lcidtoname_downlevel.obj
 0002:000039e8       ??_C@_1M@GFMCHPE@?$AAh?$AAe?$AA?9?$AAI?$AAL@ 00000001400109e8     libucrt:lcidtoname_downlevel.obj
 0002:000039f8       ??_C@_1M@MHLPGNKM@?$AAh?$AAu?$AA?9?$AAH?$AAU@ 00000001400109f8     libucrt:lcidtoname_downlevel.obj
 0002:00003a08       ??_C@_1M@LPDDNNPN@?$AAi?$AAs?$AA?9?$AAI?$AAS@ 0000000140010a08     libucrt:lcidtoname_downlevel.obj
 0002:00003a18       ??_C@_1M@MADIPODN@?$AAi?$AAt?$AA?9?$AAI?$AAT@ 0000000140010a18     libucrt:lcidtoname_downlevel.obj
 0002:00003a28       ??_C@_1M@IHBJJGG@?$AAn?$AAl?$AA?9?$AAN?$AAL@ 0000000140010a28     libucrt:lcidtoname_downlevel.obj
 0002:00003a38       ??_C@_1M@EANAGDL@?$AAn?$AAb?$AA?9?$AAN?$AAO@ 0000000140010a38     libucrt:lcidtoname_downlevel.obj
 0002:00003a48       ??_C@_1M@NEIEMEGP@?$AAp?$AAl?$AA?9?$AAP?$AAL@ 0000000140010a48     libucrt:lcidtoname_downlevel.obj
 0002:00003a58       ??_C@_1M@BOCFIGEP@?$AAp?$AAt?$AA?9?$AAB?$AAR@ 0000000140010a58     libucrt:lcidtoname_downlevel.obj
 0002:00003a68       ??_C@_1M@IMPFOPBG@?$AAr?$AAo?$AA?9?$AAR?$AAO@ 0000000140010a68     libucrt:lcidtoname_downlevel.obj
 0002:00003a78       ??_C@_1M@IDNNEJMM@?$AAr?$AAu?$AA?9?$AAR?$AAU@ 0000000140010a78     libucrt:lcidtoname_downlevel.obj
 0002:00003a88       ??_C@_1M@LILEEOGM@?$AAh?$AAr?$AA?9?$AAH?$AAR@ 0000000140010a88     libucrt:lcidtoname_downlevel.obj
 0002:00003a98       ??_C@_1M@FKIFEHPB@?$AAs?$AAk?$AA?9?$AAS?$AAK@ 0000000140010a98     libucrt:lcidtoname_downlevel.obj
 0002:00003aa8       ??_C@_1M@LJMAMNPJ@?$AAs?$AAq?$AA?9?$AAA?$AAL@ 0000000140010aa8     libucrt:lcidtoname_downlevel.obj
 0002:00003ab8       ??_C@_1M@GIAKDKJK@?$AAs?$AAv?$AA?9?$AAS?$AAE@ 0000000140010ab8     libucrt:lcidtoname_downlevel.obj
 0002:00003ac8       ??_C@_1M@MKJKIKCL@?$AAt?$AAh?$AA?9?$AAT?$AAH@ 0000000140010ac8     libucrt:lcidtoname_downlevel.obj
 0002:00003ad8       ??_C@_1M@MFLCCMPB@?$AAt?$AAr?$AA?9?$AAT?$AAR@ 0000000140010ad8     libucrt:lcidtoname_downlevel.obj
 0002:00003ae8       ??_C@_1M@OIJHDKJN@?$AAu?$AAr?$AA?9?$AAP?$AAK@ 0000000140010ae8     libucrt:lcidtoname_downlevel.obj
 0002:00003af8       ??_C@_1M@LHIPCIEK@?$AAi?$AAd?$AA?9?$AAI?$AAD@ 0000000140010af8     libucrt:lcidtoname_downlevel.obj
 0002:00003b08       ??_C@_1M@MFMOBGI@?$AAu?$AAk?$AA?9?$AAU?$AAA@ 0000000140010b08     libucrt:lcidtoname_downlevel.obj
 0002:00003b18       ??_C@_1M@OBGLJIPL@?$AAb?$AAe?$AA?9?$AAB?$AAY@ 0000000140010b18     libucrt:lcidtoname_downlevel.obj
 0002:00003b28       ??_C@_1M@BCFAJEAD@?$AAs?$AAl?$AA?9?$AAS?$AAI@ 0000000140010b28     libucrt:lcidtoname_downlevel.obj
 0002:00003b38       ??_C@_1M@FKFFEDDN@?$AAe?$AAt?$AA?9?$AAE?$AAE@ 0000000140010b38     libucrt:lcidtoname_downlevel.obj
 0002:00003b48       ??_C@_1M@KGKKAACI@?$AAl?$AAv?$AA?9?$AAL?$AAV@ 0000000140010b48     libucrt:lcidtoname_downlevel.obj
 0002:00003b58       ??_C@_1M@IFGBIJO@?$AAl?$AAt?$AA?9?$AAL?$AAT@ 0000000140010b58     libucrt:lcidtoname_downlevel.obj
 0002:00003b68       ??_C@_1M@FGEAHEDM@?$AAf?$AAa?$AA?9?$AAI?$AAR@ 0000000140010b68     libucrt:lcidtoname_downlevel.obj
 0002:00003b78       ??_C@_1M@KBMAIBFN@?$AAv?$AAi?$AA?9?$AAV?$AAN@ 0000000140010b78     libucrt:lcidtoname_downlevel.obj
 0002:00003b88       ??_C@_1M@GPCBKDJK@?$AAh?$AAy?$AA?9?$AAA?$AAM@ 0000000140010b88     libucrt:lcidtoname_downlevel.obj
 0002:00003b98       ??_C@_1BG@BECMDDJB@?$AAa?$AAz?$AA?9?$AAA?$AAZ?$AA?9?$AAL?$AAa?$AAt?$AAn@ 0000000140010b98     libucrt:lcidtoname_downlevel.obj
 0002:00003bb0       ??_C@_1M@MAOFCAEA@?$AAe?$AAu?$AA?9?$AAE?$AAS@ 0000000140010bb0     libucrt:lcidtoname_downlevel.obj
 0002:00003bc0       ??_C@_1M@IGHABKPI@?$AAm?$AAk?$AA?9?$AAM?$AAK@ 0000000140010bc0     libucrt:lcidtoname_downlevel.obj
 0002:00003bd0       ??_C@_1M@IAIGNEJG@?$AAt?$AAn?$AA?9?$AAZ?$AAA@ 0000000140010bd0     libucrt:lcidtoname_downlevel.obj
 0002:00003be0       ??_C@_1M@IIJCOJFA@?$AAx?$AAh?$AA?9?$AAZ?$AAA@ 0000000140010be0     libucrt:lcidtoname_downlevel.obj
 0002:00003bf0       ??_C@_1M@LGPJHNJH@?$AAz?$AAu?$AA?9?$AAZ?$AAA@ 0000000140010bf0     libucrt:lcidtoname_downlevel.obj
 0002:00003c00       ??_C@_1M@HOKAOIO@?$AAa?$AAf?$AA?9?$AAZ?$AAA@ 0000000140010c00     libucrt:lcidtoname_downlevel.obj
 0002:00003c10       ??_C@_1M@DPCLHLIE@?$AAk?$AAa?$AA?9?$AAG?$AAE@ 0000000140010c10     libucrt:lcidtoname_downlevel.obj
 0002:00003c20       ??_C@_1M@BLKMHJBI@?$AAf?$AAo?$AA?9?$AAF?$AAO@ 0000000140010c20     libucrt:lcidtoname_downlevel.obj
 0002:00003c30       ??_C@_1M@LGGJAPPB@?$AAh?$AAi?$AA?9?$AAI?$AAN@ 0000000140010c30     libucrt:lcidtoname_downlevel.obj
 0002:00003c40       ??_C@_1M@FIKPIHFE@?$AAm?$AAt?$AA?9?$AAM?$AAT@ 0000000140010c40     libucrt:lcidtoname_downlevel.obj
 0002:00003c50       ??_C@_1M@HEGGPBFA@?$AAs?$AAe?$AA?9?$AAN?$AAO@ 0000000140010c50     libucrt:lcidtoname_downlevel.obj
 0002:00003c60       ??_C@_1M@EIBJEEPA@?$AAm?$AAs?$AA?9?$AAM?$AAY@ 0000000140010c60     libucrt:lcidtoname_downlevel.obj
 0002:00003c70       ??_C@_1M@FHLBGMPP@?$AAk?$AAk?$AA?9?$AAK?$AAZ@ 0000000140010c70     libucrt:lcidtoname_downlevel.obj
 0002:00003c80       ??_C@_1M@NGJJLCGI@?$AAk?$AAy?$AA?9?$AAK?$AAG@ 0000000140010c80     libucrt:lcidtoname_downlevel.obj
 0002:00003c90       ??_C@_1M@GIENNBFC@?$AAs?$AAw?$AA?9?$AAK?$AAE@ 0000000140010c90     libucrt:lcidtoname_downlevel.obj
 0002:00003ca0       ??_C@_1BG@NDGMJIMJ@?$AAu?$AAz?$AA?9?$AAU?$AAZ?$AA?9?$AAL?$AAa?$AAt?$AAn@ 0000000140010ca0     libucrt:lcidtoname_downlevel.obj
 0002:00003cb8       ??_C@_1M@IDCCIHBC@?$AAt?$AAt?$AA?9?$AAR?$AAU@ 0000000140010cb8     libucrt:lcidtoname_downlevel.obj
 0002:00003cc8       ??_C@_1M@LOICPMOJ@?$AAb?$AAn?$AA?9?$AAI?$AAN@ 0000000140010cc8     libucrt:lcidtoname_downlevel.obj
 0002:00003cd8       ??_C@_1M@KPKKNEAH@?$AAp?$AAa?$AA?9?$AAI?$AAN@ 0000000140010cd8     libucrt:lcidtoname_downlevel.obj
 0002:00003ce8       ??_C@_1M@PJGPPBOG@?$AAg?$AAu?$AA?9?$AAI?$AAN@ 0000000140010ce8     libucrt:lcidtoname_downlevel.obj
 0002:00003cf8       ??_C@_1M@KMKMOPHI@?$AAt?$AAa?$AA?9?$AAI?$AAN@ 0000000140010cf8     libucrt:lcidtoname_downlevel.obj
 0002:00003d08       ??_C@_1M@KFEHEPAC@?$AAt?$AAe?$AA?9?$AAI?$AAN@ 0000000140010d08     libucrt:lcidtoname_downlevel.obj
[...]
 0002:00007f98       $unwind$??$?RV<lambda_638799b9deba96c50f710eeac98168cd>@@AEAV<lambda_22ebabd17bc4fa466a2aca6d8deb888d>@@V<lambda_a6f7d7db0129f75315ebf26d50c089f1>@@@?$__crt_seh_guarded_call@H@@QEAAH$$QEAV<lambda_638799b9deba96c50f710eeac98168cd>@@AEAV<lambda_22ebabd17bc4fa466a2aca6d8deb888d>@@$$QEAV<lambda_a6f7d7db0129f75315ebf26d50c089f1>@@@Z 0000000140014f98     libucrt:onexit.obj
 0002:00007fbc       $unwind$??$?RV<lambda_7777bce6b2f8c936911f934f8298dc43>@@AEAV<lambda_f03950bc5685219e0bcd2087efbe011e>@@V<lambda_3883c3dff614d5e0c5f61bb1ac94921c>@@@?$__crt_seh_guarded_call@H@@QEAAH$$QEAV<lambda_7777bce6b2f8c936911f934f8298dc43>@@AEAV<lambda_f03950bc5685219e0bcd2087efbe011e>@@$$QEAV<lambda_3883c3dff614d5e0c5f61bb1ac94921c>@@@Z 0000000140014fbc     libucrt:onexit.obj
 0002:00007fe0       $unwind$terminate          0000000140014fe0     libucrt:terminate.obj
 0002:00008000       $xdatasym                  0000000140015000     libucrt:strncmp.obj
 0002:00008004       $unwind$_free_base         0000000140015004     libucrt:free_base.obj
 0002:00008004       $unwind$?destroy_fls@@YAXPEAX@Z 0000000140015004     libucrt:per_thread_data.obj
 0002:00008004       $unwind$__acrt_locale_free_numeric 0000000140015004     libucrt:initnum.obj
 0002:00008004       $unwind$__acrt_locale_free_lc_time_if_unreferenced 0000000140015004     libucrt:locale_refcounting.obj
 0002:0000800c       $unwind$?construct_ptd_array@@YAXQEAU__acrt_ptd@@@Z 000000014001500c     libucrt:per_thread_data.obj
 0002:00008014       $unwind$?destroy_ptd_array@@YAXQEAU__acrt_ptd@@@Z 0000000140015014     libucrt:per_thread_data.obj
 0002:0000801c       $unwind$??$?RV<lambda_0ae27a3a962d80f24befdcbee591983d>@@AEAV<lambda_8d0ee55de4b1038c4002e0adecdf1839>@@V<lambda_dc504788e8f1664fe9b84e20bfb512f2>@@@?$__crt_seh_guarded_call@X@@QEAAX$$QEAV<lambda_0ae27a3a962d80f24befdcbee591983d>@@AEAV<lambda_8d0ee55de4b1038c4002e0adecdf1839>@@$$QEAV<lambda_dc504788e8f1664fe9b84e20bfb512f2>@@@Z 000000014001501c     libucrt:per_thread_data.obj
 0002:00008040       $unwind$??$?RV<lambda_aa87e3671a710a21b5dc78c0bdf72e11>@@AEAV<lambda_92619d2358a28f41a33ba319515a20b9>@@V<lambda_6992ecaafeb10aed2b74cb1fae11a551>@@@?$__crt_seh_guarded_call@X@@QEAAX$$QEAV<lambda_aa87e3671a710a21b5dc78c0bdf72e11>@@AEAV<lambda_92619d2358a28f41a33ba319515a20b9>@@$$QEAV<lambda_6992ecaafeb10aed2b74cb1fae11a551>@@@Z 0000000140015040     libucrt:per_thread_data.obj
 0002:00008064       $unwind$??$?RV<lambda_f2e299630e499de9f9a165e60fcd3db5>@@AEAV<lambda_2ae9d31cdba2644fcbeaf08da7c24588>@@V<lambda_40d01ff24d0e7b3814fdbdcee8eab3c7>@@@?$__crt_seh_guarded_call@X@@QEAAX$$QEAV<lambda_f2e299630e499de9f9a165e60fcd3db5>@@AEAV<lambda_2ae9d31cdba2644fcbeaf08da7c24588>@@$$QEAV<lambda_40d01ff24d0e7b3814fdbdcee8eab3c7>@@@Z 0000000140015064     libucrt:per_thread_data.obj
 0002:00008088       $unwind$??$?RV<lambda_2d41944a1d46af3157314b8a01080d33>@@AEAV<lambda_8f455de75cd7d7f24b4096f044d8b9e6>@@V<lambda_aa500f224e6afead328df44964fe2772>@@@?$__crt_seh_guarded_call@X@@QEAAX$$QEAV<lambda_2d41944a1d46af3157314b8a01080d33>@@AEAV<lambda_8f455de75cd7d7f24b4096f044d8b9e6>@@$$QEAV<lambda_aa500f224e6afead328df44964fe2772>@@@Z 0000000140015088     libucrt:per_thread_data.obj
 0002:000080ac       $unwind$_invalid_parameter_noinfo 00000001400150ac     libucrt:invalid_parameter.obj
 0002:000080ac       $unwind$_log10_special     00000001400150ac     libucrt:log_special.obj
 0002:000080b4       $unwind$__acrt_call_reportfault 00000001400150b4     libucrt:invalid_parameter.obj
 0002:000080d4       $unwind$_invalid_parameter 00000001400150d4     libucrt:invalid_parameter.obj
 0002:000080e8       $unwind$??$__acrt_mbs_to_wcs_cp@U__crt_win32_buffer_internal_dynamic_resizing@@@@YAHQEBDAEAV?$__crt_win32_buffer@_WU__crt_win32_buffer_internal_dynamic_resizing@@@@I@Z 00000001400150e8     libucrt:argv_wildcards.obj
 0002:00008100       $unwind$__dcrt_get_narrow_environment_from_os 0000000140015100     libucrt:get_environment_from_os.obj
 0002:00008100       $unwind$??$__acrt_wcs_to_mbs_cp@U__crt_win32_buffer_internal_dynamic_resizing@@@@YAHQEB_WAEAV?$__crt_win32_buffer@DU__crt_win32_buffer_internal_dynamic_resizing@@@@I@Z 0000000140015100     libucrt:argv_wildcards.obj
 0002:00008118       $unwind$??$common_expand_argv_wildcards@D@@YAHQEAPEADQEAPEAPEAD@Z 0000000140015118     libucrt:argv_wildcards.obj
 0002:00008130       $unwind$??$copy_and_add_argument_to_buffer@D@@YAHQEBD0_KAEAV?$argument_list@D@?A0x5f5c8891@@@Z 0000000140015130     libucrt:argv_wildcards.obj
 0002:0000814c       $unwind$??$expand_argument_wildcards@D@@YAHQEAD0AEAV?$argument_list@D@?A0x5f5c8891@@@Z 000000014001514c     libucrt:argv_wildcards.obj
 0002:00008170       $unwind$__acrt_GetModuleFileNameA 0000000140015170     libucrt:getmodulefilenamea.obj
 0002:0000818c       $unwind$__dcrt_write_console 000000014001518c     libucrt:initcon.obj
 0002:0000818c       $unwind$??$__acrt_wcs_to_mbs_cp@U__crt_win32_buffer_no_resizing@@@@YAHQEB_WAEAV?$__crt_win32_buffer@DU__crt_win32_buffer_no_resizing@@@@I@Z 000000014001518c     libucrt:getmodulefilenamea.obj
 0002:000081a0       $unwind$_setmbcp_nolock    00000001400151a0     libucrt:mbctype.obj
 0002:000081c0       $unwind$__dcrt_lowio_ensure_console_output_initialized 00000001400151c0     libucrt:initcon.obj
 0002:000081c0       $unwind$_isleadbyte_l      00000001400151c0     libucrt:_wctype.obj
 0002:000081c0       $unwind$?getSystemCP@@YAHH@Z 00000001400151c0     libucrt:mbctype.obj
 0002:000081c8       $unwind$?update_thread_multibyte_data_internal@@YAPEAU__crt_multibyte_data@@QEAU__acrt_ptd@@QEAPEAU1@@Z 00000001400151c8     libucrt:mbctype.obj
 0002:000081f0       $unwind$?setmbcp_internal@@YAHH_NQEAU__acrt_ptd@@QEAPEAU__crt_multibyte_data@@@Z 00000001400151f0     libucrt:mbctype.obj
 0002:00008200       $unwind$?setSBUpLow@@YAXPEAU__crt_multibyte_data@@@Z 0000000140015200     libucrt:mbctype.obj
 0002:0000821c       $unwind$??$?RV<lambda_efdfa57d1f175319df784efa44bb7b81>@@AEAV<lambda_5f0a4c1567f8adc6734073e5d1e1b35c>@@V<lambda_2e8a7d3640ea6ccb4c2413664c2db6fd>@@@?$__crt_seh_guarded_call@X@@QEAAX$$QEAV<lambda_efdfa57d1f175319df784efa44bb7b81>@@AEAV<lambda_5f0a4c1567f8adc6734073e5d1e1b35c>@@$$QEAV<lambda_2e8a7d3640ea6ccb4c2413664c2db6fd>@@@Z 000000014001521c     libucrt:mbctype.obj
 0002:00008240       $unwind$?x_ismbbtype_l@@YAHPEAU__crt_locale_pointers@@IHH@Z 0000000140015240     libucrt:ismbbyte.obj
 0002:00008250       $unwind$__acrt_WideCharToMultiByte 0000000140015250     libucrt:widechartomultibyte.obj
 0002:0000825c       $unwind$_free_osfhnd       000000014001525c     libucrt:osfinfo.obj
 0002:00008270       $unwind$__acrt_lowio_destroy_handle_array 0000000140015270     libucrt:osfinfo.obj
 0002:00008280       $unwind$__acrt_lowio_ensure_fh_exists 0000000140015280     libucrt:osfinfo.obj
 0002:000082ac       $unwind$__acrt_initialize_lowio 00000001400152ac     libucrt:ioinit.obj
 0002:000082cc       $unwind$?initialize_inherited_file_handles_nolock@@YAXXZ 00000001400152cc     libucrt:ioinit.obj
 0002:000082e8       $unwind$?initialize_stdio_handles_nolock@@YAXXZ 00000001400152e8     libucrt:ioinit.obj
 0002:000082e8       $unwind$__acrt_initialize_stdio 00000001400152e8     libucrt:_file.obj
 0002:00008300       $unwind$__acrt_locale_free_monetary 0000000140015300     libucrt:initmon.obj
 0002:00008308       $unwind$__acrt_locale_free_time 0000000140015308     libucrt:inittime.obj
 0002:00008318       $unwind$__acrt_GetStringTypeA 0000000140015318     libucrt:getstringtypea.obj
 0002:00008340       $unwind$__acrt_update_thread_locale_data 0000000140015340     libucrt:locale_refcounting.obj
 0002:00008364       $unwind$__acrt_initialize_winapi_thunks 0000000140015364     libucrt:winapi_thunks.obj
 0002:0000836c       $unwind$_mbtowc_l          000000014001536c     libucrt:mbtowc.obj
 0002:0000836c       $unwind$__acrt_LCMapStringEx 000000014001536c     libucrt:winapi_thunks.obj
 0002:00008380       $unwind$_query_new_handler 0000000140015380     libucrt:new_handler.obj
 0002:000083a0       $unwind$raise              00000001400153a0     libucrt:signal.obj
 0002:000083dc       $unwind$??$?RV<lambda_450d765d439847d4c735a33c368b5fc0>@@AEAV<lambda_44731a7d0e6d81c3e6aa82d741081786>@@V<lambda_601a2a7da3b7a96e9554ac7215c4b07c>@@@?$__crt_seh_guarded_call@P6AXH@Z@@QEAAP6AXH@Z$$QEAV<lambda_450d765d439847d4c735a33c368b5fc0>@@AEAV<lambda_44731a7d0e6d81c3e6aa82d741081786>@@$$QEAV<lambda_601a2a7da3b7a96e9554ac7215c4b07c>@@@Z 00000001400153dc     libucrt:signal.obj
 0002:00008400       $unwind$?common_flush_all@@YAH_N@Z 0000000140015400     libucrt:fflush.obj
 0002:00008408       $unwind$??$?RV<lambda_842d9ff0dc9ef11c61343bbaebe7f885>@@AEAV<lambda_c5860995281e5c4ce005b3de8f5874ee>@@V<lambda_d90129c13df834fdcbf8d2b88dafcf2d>@@@?$__crt_seh_guarded_call@X@@QEAAX$$QEAV<lambda_842d9ff0dc9ef11c61343bbaebe7f885>@@AEAV<lambda_c5860995281e5c4ce005b3de8f5874ee>@@$$QEAV<lambda_d90129c13df834fdcbf8d2b88dafcf2d>@@@Z 0000000140015408     libucrt:fflush.obj
 0002:0000842c       $unwind$??$?RV<lambda_886d6c58226a84441f68b9f2b8217b83>@@AEAV<lambda_ab61a845afdef5b7c387490eaf3616ee>@@V<lambda_f7f22ab5edc0698d5f6905b0d3f44752>@@@?$__crt_seh_guarded_call@X@@QEAAX$$QEAV<lambda_886d6c58226a84441f68b9f2b8217b83>@@AEAV<lambda_ab61a845afdef5b7c387490eaf3616ee>@@$$QEAV<lambda_f7f22ab5edc0698d5f6905b0d3f44752>@@@Z 000000014001542c     libucrt:fflush.obj
 0002:00008454       $unwind$qsort              0000000140015454     libucrt:qsort.obj
 0002:0000846c       $chain$4$qsort             000000014001546c     libucrt:qsort.obj
 0002:00008490       $chain$5$qsort             0000000140015490     libucrt:qsort.obj
 0002:000084a0       $unwind$strpbrk            00000001400154a0     libucrt:strpbrk.obj
 0002:000084b0       $unwind$fallbackMethod     00000001400154b0     libucrt:strpbrk.obj
 0002:000084c0       $unwind$_mbsdec_l          00000001400154c0     libucrt:mbsdec.obj
 0002:000084cc       $unwind$__acrt_LCMapStringA 00000001400154cc     libucrt:lcmapstringa.obj
 0002:000084dc       $unwind$?__acrt_LCMapStringA_stat@@YAHPEAU__crt_locale_pointers@@PEB_WKPEBDHPEADHHH@Z 00000001400154dc     libucrt:lcmapstringa.obj
 0002:00008504       $unwind$_close             0000000140015504     libucrt:close.obj
 0002:00008504       $unwind$_commit            0000000140015504     libucrt:commit.obj
 0002:0000850c       $unwind$??$?RV<lambda_a37b2b86f63e897a80ea819b0eb08c01>@@AEAV<lambda_38ce7e780aa69e748d6df282ebc68efe>@@V<lambda_99fb1378e971ab6e7edea83e3a7a83a2>@@@?$__crt_seh_guarded_call@H@@QEAAH$$QEAV<lambda_a37b2b86f63e897a80ea819b0eb08c01>@@AEAV<lambda_38ce7e780aa69e748d6df282ebc68efe>@@$$QEAV<lambda_99fb1378e971ab6e7edea83e3a7a83a2>@@@Z 000000014001550c     libucrt:commit.obj
 0002:00008530       $unwind$_write             0000000140015530     libucrt:write.obj
 0002:00008560       $unwind$_write_nolock      0000000140015560     libucrt:write.obj
 0002:00008578       $unwind$?write_double_translated_ansi_nolock@@YA?AUwrite_result@?A0x17268360@@HQEBDI@Z 0000000140015578     libucrt:write.obj
 0002:0000859c       $unwind$?write_text_ansi_nolock@@YA?AUwrite_result@?A0x17268360@@HQEBDI@Z 000000014001559c     libucrt:write.obj
 0002:0000859c       $unwind$?write_text_utf16le_nolock@@YA?AUwrite_result@?A0x17268360@@HQEBDI@Z 000000014001559c     libucrt:write.obj
 0002:000085bc       $unwind$?write_text_utf8_nolock@@YA?AUwrite_result@?A0x17268360@@HQEBDI@Z 00000001400155bc     libucrt:write.obj
 0002:000085e0       $unwind$_fcloseall         00000001400155e0     libucrt:closeall.obj
 0002:00008604       $unwind$?__mbrtowc_utf8@__crt_mbstring@@YA_KPEA_WPEBD_KPEAU_Mbstatet@@@Z 0000000140015604     libucrt:mbrtowc.obj
 0002:0000860c       $unwind$?__mbsrtowcs_utf8@__crt_mbstring@@YA_KPEA_WPEAPEBD_KPEAU_Mbstatet@@@Z 000000014001560c     libucrt:mbrtowc.obj
 0002:00008624       $unwind$_putwch_nolock     0000000140015624     libucrt:putwch.obj
 0002:0000862c       $unwind$fclose             000000014001562c     libucrt:fclose.obj
 0002:00008650       $unwind$?__mbrtoc32_utf8@__crt_mbstring@@YA_KPEA_UPEBD_KPEAU_Mbstatet@@@Z 0000000140015650     libucrt:mbrtoc32.obj
 0002:00008670       $xdatasym                  0000000140015670     libucrt:log10.obj
 0002:0000867c       $unwind$??$?RV<lambda_751a882b2c74d4b022dec766aa51a29a>@@AEAV<lambda_628dfdc04ba53c8bfc02c9951375f3f5>@@V<lambda_f6c7be5f7998530c34de24c7437d6b54>@@@?$__crt_seh_guarded_call@H@@QEAAH$$QEAV<lambda_751a882b2c74d4b022dec766aa51a29a>@@AEAV<lambda_628dfdc04ba53c8bfc02c9951375f3f5>@@$$QEAV<lambda_f6c7be5f7998530c34de24c7437d6b54>@@@Z 000000014001567c     libucrt:close.obj
 0002:000086a0       $unwind$_call_matherr      00000001400156a0     libucrt:libm_error.obj
 0002:000086a8       $unwind$_handle_error      00000001400156a8     libucrt:libm_error.obj
 0002:000086c8       $unwind$__acrt_initialize_fma3 00000001400156c8     libucrt:fma3_available.obj
 0002:000086d0       $unwind$_log_special_common 00000001400156d0     libucrt:log_special.obj
 0002:000086e0       $xdatasym                  00000001400156e0     libucrt:fpsr.obj
 0002:000086e8       $unwind$_raise_exc         00000001400156e8     libucrt:fpexcept.obj
 0002:000086f0       $unwind$_raise_exc_ex      00000001400156f0     libucrt:fpexcept.obj
 0002:00008704       $unwind$_ctrlfp            0000000140015704     libucrt:fpctrl.obj
 0002:0000872c       $unwind$_IsNonwritableInCurrentImage 000000014001572c     LIBCMT:pesect.obj
 0002:00008750       $xdatasym                  0000000140015750     LIBCMT:chkstk.obj
 0002:00008758       $xdatasym                  0000000140015758     libvcruntime:memcmp.obj
 0002:00008ae0       .idata$6                   0000000140015ae0     User32:USER32.dll
 0002:00008afc       .idata$6                   0000000140015afc     Gdi32:GDI32.dll
 0002:00008caa       .idata$6                   0000000140015caa     kernel32:KERNEL32.dll
 0003:00000030       ?__vcrt_flsindex@@3KA      0000000140017030     libvcruntime:per_thread_data.obj
 0003:00000050       ?__acrt_flsindex@@3KA      0000000140017050     libucrt:per_thread_data.obj
 0003:00000054       ?errno_no_memory@@3HA      0000000140017054     libucrt:errno.obj
 0003:00000058       ?doserrno_no_memory@@3KA   0000000140017058     libucrt:errno.obj
 0003:00000290       _mbctypes                  0000000140017290     libucrt:mbctype.obj
 0003:000003a0       _mbcasemaps                00000001400173a0     libucrt:mbctype.obj
 0003:000004a0       ?__rgctypeflag@@3PADA      00000001400174a0     libucrt:mbctype.obj
 0003:000004b0       ?__rgcode_page_info@@3PAUcode_page_info@@A 00000001400174b0     libucrt:mbctype.obj
 0003:000009d0       ?__dcrt_lowio_console_output_handle@@3PEAXEA 00000001400179d0     libucrt:initcon.obj
 0003:000009e0       ?dazSupported@?1??_ctrlfp@@9@9 00000001400179e0     libucrt:fpctrl.obj
 0003:000009f0       ?Running@@3_NA             00000001400179f0     win32_handmade.obj
 0003:000009f8       ?BitmapInfo@@3UtagBITMAPINFO@@A 00000001400179f8     win32_handmade.obj
 0003:00000a24       ?BitmapWidth@@3HA          0000000140017a24     win32_handmade.obj
 0003:00000a28       ?BitmapHeight@@3HA         0000000140017a28     win32_handmade.obj
 0003:00000a2c       ?BytesPerPixel@@3HA        0000000140017a2c     win32_handmade.obj
 0003:00000a30       ?BitmapMemory@@3PEAXEA     0000000140017a30     win32_handmade.obj
 0003:00000a40       GS_ExceptionRecord         0000000140017a40     LIBCMT:gs_report.obj
 0003:00000ae0       GS_ContextRecord           0000000140017ae0     LIBCMT:gs_report.obj
 0003:00000fc0       ?is_initialized_as_dll@@3_NA 0000000140017fc0     LIBCMT:utility.obj
 0003:00000fc1       ?module_local_atexit_table_initialized@@3_NA 0000000140017fc1     LIBCMT:utility.obj
 0003:00000fc8       ?module_local_atexit_table@@3U_onexit_table_t@@A 0000000140017fc8     LIBCMT:utility.obj
 0003:00000fe0       ?module_local_at_quick_exit_table@@3U_onexit_table_t@@A 0000000140017fe0     LIBCMT:utility.obj
 0003:00001030       ?__vcrt_startup_thread_ptd@@3U__vcrt_ptd@@A 0000000140018030     libvcruntime:per_thread_data.obj
 0003:000010b0       __vcrt_lock_table          00000001400180b0     libvcruntime:locks.obj
 0003:000010d8       __vcrt_locks_initialized   00000001400180d8     libvcruntime:locks.obj
 0003:00001120       ?heap@@3V_HeapManager@@A   0000000140018120     libvcruntime:undname.obj
 0003:00001148       ?module_handles@@3PAPEAUHINSTANCE__@@A 0000000140018148     libvcruntime:winapi_downlevel.obj
 0003:00001160       ?function_pointers@@3PAPEAXA 0000000140018160     libvcruntime:winapi_downlevel.obj
 0003:00001190       ?__acrt_app_type@@3W4_crt_app_type@@A 0000000140018190     libucrt:report_runtime_error.obj
 0003:00001198       ?user_matherr@@3V?$dual_state_global@P6AHPEAU_exception@@@Z@__crt_state_management@@A 0000000140018198     libucrt:matherr.obj
 0003:000011a0       ?program_name@?1???$common_configure_argv@D@@YAHW4_crt_argv_mode@@@Z@4PADA 00000001400181a0     libucrt:argv_parsing.obj
 0003:000012c8       ?empty_string@?1???$common_wincmdln@E@@YAPEAEXZ@4PAEA 00000001400182c8     libucrt:argv_winmain.obj
 0003:000012cc       ?c_termination_complete@@3JA 00000001400182cc     libucrt:exit.obj
 0003:000012d0       ?thread_local_exit_callback_func@@3P6AXPEAXK0@ZEA 00000001400182d0     libucrt:exit.obj
 0003:000012e0       ?__acrt_global_new_mode@@3V?$dual_state_global@J@__crt_state_management@@A 00000001400182e0     libucrt:new_mode.obj
 0003:00001318       ?__acrt_invalid_parameter_handler@@3V?$dual_state_global@P6AXPEB_W00I_K@Z@__crt_state_management@@A 0000000140018318     libucrt:invalid_parameter.obj
 0003:00001338       ?fSystemSet@@3HA           0000000140018338     libucrt:mbctype.obj
 0003:0000133c       ?initialized@?1??__acrt_initialize_multibyte@@9@4_NA 000000014001833c     libucrt:mbctype.obj
 0003:00001370       ?__acrt_lock_table@@3PAU_RTL_CRITICAL_SECTION@@A 0000000140018370     libucrt:locks.obj
 0003:000015a0       ?__acrt_locks_initialized@@3IA 00000001400185a0     libucrt:locks.obj
 0003:000019c0       ?module_handles@@3PAPEAUHINSTANCE__@@A 00000001400189c0     libucrt:winapi_thunks.obj
 0003:00001a60       ?encoded_function_pointers@@3PAPEAXA 0000000140018a60     libucrt:winapi_thunks.obj
 0003:00001b80       ?__acrt_new_handler@@3V?$dual_state_global@P6AH_K@Z@__crt_state_management@@A 0000000140018b80     libucrt:new_handler.obj
 0003:00001b88       ?ctrlc_action@@3V?$dual_state_global@P6AXH@Z@__crt_state_management@@A 0000000140018b88     libucrt:signal.obj
 0003:00001b90       ?ctrlbreak_action@@3V?$dual_state_global@P6AXH@Z@__crt_state_management@@A 0000000140018b90     libucrt:signal.obj
 0003:00001b98       ?abort_action@@3V?$dual_state_global@P6AXH@Z@__crt_state_management@@A 0000000140018b98     libucrt:signal.obj
 0003:00001ba0       ?term_action@@3V?$dual_state_global@P6AXH@Z@__crt_state_management@@A 0000000140018ba0     libucrt:signal.obj
 0003:00001bc8       ?internal_state@?1??_mbtowc_l@@9@4U_Mbstatet@@A 0000000140018bc8     libucrt:mbtowc.obj
 0003:00001bd0       ?internal_pst@?1??__mbrtoc32_utf8@__crt_mbstring@@YA_KPEA_UPEBD_KPEAU_Mbstatet@@@Z@4U3@A 0000000140018bd0     libucrt:mbrtoc32.obj
 0005:00000000       SetSmall                   000000014001a000     libvcruntime:memset.obj
 0005:00000040       SetSmallYmm                000000014001a040     libvcruntime:memset.obj
 0005:00000064       SetSmallYmmNT              000000014001a064     libvcruntime:memset.obj
 0005:00000088       SetSmallXmm                000000014001a088     libvcruntime:memset.obj
 0005:000000b0       MoveSmall                  000000014001a0b0     libvcruntime:memcpy.obj
 0005:000000f0       MoveSmallYmm               000000014001a0f0     libvcruntime:memcpy.obj
 0005:00000114       MoveSmallYmmNT             000000014001a114     libvcruntime:memcpy.obj
 0005:00000138       MoveSmallXmm               000000014001a138     libvcruntime:memcpy.obj
